Component: ARM Compiler 5.06 update 6 (build 750) Tool: armlink [4d35ed]

==============================================================================

Section Cross References

    startup_stm32f407xx.o(STACK) refers (Special) to heapauxi.o(.text) for __use_two_region_memory
    startup_stm32f407xx.o(HEAP) refers (Special) to heapauxi.o(.text) for __use_two_region_memory
    startup_stm32f407xx.o(RESET) refers (Special) to heapauxi.o(.text) for __use_two_region_memory
    startup_stm32f407xx.o(RESET) refers to startup_stm32f407xx.o(STACK) for __initial_sp
    startup_stm32f407xx.o(RESET) refers to startup_stm32f407xx.o(.text) for Reset_Handler
    startup_stm32f407xx.o(RESET) refers to stm32f4xx_it.o(i.NMI_Handler) for NMI_Handler
    startup_stm32f407xx.o(RESET) refers to stm32f4xx_it.o(i.HardFault_Handler) for HardFault_Handler
    startup_stm32f407xx.o(RESET) refers to stm32f4xx_it.o(i.MemManage_Handler) for MemManage_Handler
    startup_stm32f407xx.o(RESET) refers to stm32f4xx_it.o(i.BusFault_Handler) for BusFault_Handler
    startup_stm32f407xx.o(RESET) refers to stm32f4xx_it.o(i.UsageFault_Handler) for UsageFault_Handler
    startup_stm32f407xx.o(RESET) refers to stm32f4xx_it.o(i.SVC_Handler) for SVC_Handler
    startup_stm32f407xx.o(RESET) refers to stm32f4xx_it.o(i.DebugMon_Handler) for DebugMon_Handler
    startup_stm32f407xx.o(RESET) refers to stm32f4xx_it.o(i.PendSV_Handler) for PendSV_Handler
    startup_stm32f407xx.o(RESET) refers to stm32f4xx_it.o(i.SysTick_Handler) for SysTick_Handler
    startup_stm32f407xx.o(RESET) refers to stm32f4xx_it.o(i.DMA1_Stream1_IRQHandler) for DMA1_Stream1_IRQHandler
    startup_stm32f407xx.o(RESET) refers to stm32f4xx_it.o(i.DMA1_Stream5_IRQHandler) for DMA1_Stream5_IRQHandler
    startup_stm32f407xx.o(RESET) refers to stm32f4xx_it.o(i.USART1_IRQHandler) for USART1_IRQHandler
    startup_stm32f407xx.o(RESET) refers to stm32f4xx_it.o(i.USART2_IRQHandler) for USART2_IRQHandler
    startup_stm32f407xx.o(RESET) refers to stm32f4xx_it.o(i.USART3_IRQHandler) for USART3_IRQHandler
    startup_stm32f407xx.o(RESET) refers to stm32f4xx_it.o(i.DMA2_Stream2_IRQHandler) for DMA2_Stream2_IRQHandler
    startup_stm32f407xx.o(.text) refers (Special) to heapauxi.o(.text) for __use_two_region_memory
    startup_stm32f407xx.o(.text) refers to system_stm32f4xx.o(i.SystemInit) for SystemInit
    startup_stm32f407xx.o(.text) refers to __main.o(!!!main) for __main
    startup_stm32f407xx.o(.text) refers to startup_stm32f407xx.o(HEAP) for Heap_Mem
    startup_stm32f407xx.o(.text) refers to startup_stm32f407xx.o(STACK) for Stack_Mem
    main.o(i.SystemClock_Config) refers to rt_memclr_w.o(.text) for __aeabi_memclr4
    main.o(i.SystemClock_Config) refers to stm32f4xx_hal_rcc.o(i.HAL_RCC_OscConfig) for HAL_RCC_OscConfig
    main.o(i.SystemClock_Config) refers to main.o(i.Error_Handler) for Error_Handler
    main.o(i.SystemClock_Config) refers to stm32f4xx_hal_rcc.o(i.HAL_RCC_ClockConfig) for HAL_RCC_ClockConfig
    main.o(i.main) refers to stm32f4xx_hal.o(i.HAL_Init) for HAL_Init
    main.o(i.main) refers to main.o(i.SystemClock_Config) for SystemClock_Config
    main.o(i.main) refers to gpio.o(i.MX_GPIO_Init) for MX_GPIO_Init
    main.o(i.main) refers to dma.o(i.MX_DMA_Init) for MX_DMA_Init
    main.o(i.main) refers to usart.o(i.MX_USART1_UART_Init) for MX_USART1_UART_Init
    main.o(i.main) refers to usart.o(i.MX_USART2_UART_Init) for MX_USART2_UART_Init
    main.o(i.main) refers to usart.o(i.MX_USART3_UART_Init) for MX_USART3_UART_Init
    main.o(i.main) refers to imu_uart.o(i.IMU_UART_Init) for IMU_UART_Init
    main.o(i.main) refers to imu_uart.o(i.IMU_UART_Task) for IMU_UART_Task
    dma.o(i.MX_DMA_Init) refers to stm32f4xx_hal_cortex.o(i.HAL_NVIC_SetPriority) for HAL_NVIC_SetPriority
    dma.o(i.MX_DMA_Init) refers to stm32f4xx_hal_cortex.o(i.HAL_NVIC_EnableIRQ) for HAL_NVIC_EnableIRQ
    usart.o(i.HAL_UART_MspDeInit) refers to stm32f4xx_hal_gpio.o(i.HAL_GPIO_DeInit) for HAL_GPIO_DeInit
    usart.o(i.HAL_UART_MspDeInit) refers to stm32f4xx_hal_dma.o(i.HAL_DMA_DeInit) for HAL_DMA_DeInit
    usart.o(i.HAL_UART_MspDeInit) refers to stm32f4xx_hal_cortex.o(i.HAL_NVIC_DisableIRQ) for HAL_NVIC_DisableIRQ
    usart.o(i.HAL_UART_MspInit) refers to rt_memclr_w.o(.text) for __aeabi_memclr4
    usart.o(i.HAL_UART_MspInit) refers to stm32f4xx_hal_gpio.o(i.HAL_GPIO_Init) for HAL_GPIO_Init
    usart.o(i.HAL_UART_MspInit) refers to stm32f4xx_hal_dma.o(i.HAL_DMA_Init) for HAL_DMA_Init
    usart.o(i.HAL_UART_MspInit) refers to main.o(i.Error_Handler) for Error_Handler
    usart.o(i.HAL_UART_MspInit) refers to stm32f4xx_hal_cortex.o(i.HAL_NVIC_SetPriority) for HAL_NVIC_SetPriority
    usart.o(i.HAL_UART_MspInit) refers to stm32f4xx_hal_cortex.o(i.HAL_NVIC_EnableIRQ) for HAL_NVIC_EnableIRQ
    usart.o(i.HAL_UART_MspInit) refers to usart.o(.bss) for hdma_usart1_rx
[...]
    i.HAL_UART_RxHalfCpltCallback            0x080034ea   Section        0  stm32f4xx_hal_uart.o(i.HAL_UART_RxHalfCpltCallback)
    i.HAL_UART_Transmit                      0x080034ec   Section        0  stm32f4xx_hal_uart.o(i.HAL_UART_Transmit)
    i.HAL_UART_TxCpltCallback                0x080035aa   Section        0  stm32f4xx_hal_uart.o(i.HAL_UART_TxCpltCallback)
    i.HardFault_Handler                      0x080035ac   Section        0  stm32f4xx_it.o(i.HardFault_Handler)
    i.IMU_SampleQueue_Init                   0x080035b0   Section        0  imu_uart.o(i.IMU_SampleQueue_Init)
    IMU_SampleQueue_Init                     0x080035b1   Thumb Code    30  imu_uart.o(i.IMU_SampleQueue_Init)
    i.IMU_SampleQueue_Pop                    0x080035ce   Section        0  imu_uart.o(i.IMU_SampleQueue_Pop)
    IMU_SampleQueue_Pop                      0x080035cf   Thumb Code    98  imu_uart.o(i.IMU_SampleQueue_Pop)
    i.IMU_SampleQueue_Push                   0x08003630   Section        0  imu_uart.o(i.IMU_SampleQueue_Push)
    IMU_SampleQueue_Push                     0x08003631   Thumb Code   102  imu_uart.o(i.IMU_SampleQueue_Push)
    i.IMU_UART_Init                          0x08003698   Section        0  imu_uart.o(i.IMU_UART_Init)
    i.IMU_UART_OutputToPC                    0x08003888   Section        0  imu_uart.o(i.IMU_UART_OutputToPC)
    IMU_UART_OutputToPC                      0x08003889   Thumb Code   382  imu_uart.o(i.IMU_UART_OutputToPC)
    i.IMU_UART_Print                         0x08003a54   Section        0  imu_uart.o(i.IMU_UART_Print)
    IMU_UART_Print                           0x08003a55   Thumb Code    26  imu_uart.o(i.IMU_UART_Print)
    i.IMU_UART_ProcessPCCommand              0x08003a74   Section        0  imu_uart.o(i.IMU_UART_ProcessPCCommand)
    IMU_UART_ProcessPCCommand                0x08003a75   Thumb Code    36  imu_uart.o(i.IMU_UART_ProcessPCCommand)
    i.IMU_UART_RestartReceive                0x08003a98   Section        0  imu_uart.o(i.IMU_UART_RestartReceive)
    IMU_UART_RestartReceive                  0x08003a99   Thumb Code   134  imu_uart.o(i.IMU_UART_RestartReceive)
    i.IMU_UART_SetZero                       0x08003b38   Section        0  imu_uart.o(i.IMU_UART_SetZero)
    i.IMU_UART_StartReceive                  0x08003b58   Section        0  imu_uart.o(i.IMU_UART_StartReceive)
    IMU_UART_StartReceive                    0x08003b59   Thumb Code   116  imu_uart.o(i.IMU_UART_StartReceive)
    i.IMU_UART_Task                          0x08003be4   Section        0  imu_uart.o(i.IMU_UART_Task)
    i.IMU_UART_UpdateAlgorithm               0x08003bf4   Section        0  imu_uart.o(i.IMU_UART_UpdateAlgorithm)
    IMU_UART_UpdateAlgorithm                 0x08003bf5   Thumb Code   114  imu_uart.o(i.IMU_UART_UpdateAlgorithm)
    i.IMU_UART_UpdateDtMonitor               0x08003c78   Section        0  imu_uart.o(i.IMU_UART_UpdateDtMonitor)
    IMU_UART_UpdateDtMonitor                 0x08003c79   Thumb Code   254  imu_uart.o(i.IMU_UART_UpdateDtMonitor)
    i.IMU_UART_WitFrameCallbackArm           0x08003db0   Section        0  imu_uart.o(i.IMU_UART_WitFrameCallbackArm)
    IMU_UART_WitFrameCallbackArm             0x08003db1   Thumb Code    86  imu_uart.o(i.IMU_UART_WitFrameCallbackArm)
    i.IMU_UART_WitFrameCallbackHand          0x08003e0c   Section        0  imu_uart.o(i.IMU_UART_WitFrameCallbackHand)
    IMU_UART_WitFrameCallbackHand            0x08003e0d   Thumb Code    86  imu_uart.o(i.IMU_UART_WitFrameCallbackHand)
    i.MX_DMA_Init                            0x08003e68   Section        0  dma.o(i.MX_DMA_Init)
    i.MX_GPIO_Init                           0x08003ee0   Section        0  gpio.o(i.MX_GPIO_Init)
    i.MX_USART1_UART_Init                    0x08003f44   Section        0  usart.o(i.MX_USART1_UART_Init)
    i.MX_USART2_UART_Init                    0x08003f7c   Section        0  usart.o(i.MX_USART2_UART_Init)
    i.MX_USART3_UART_Init                    0x08003fb4   Section        0  usart.o(i.MX_USART3_UART_Init)
    i.Mahony_Clamp                           0x08003fec   Section        0  mahony.o(i.Mahony_Clamp)
    Mahony_Clamp                             0x08003fed   Thumb Code    42  mahony.o(i.Mahony_Clamp)
    i.Mahony_DefaultParams                   0x08004018   Section        0  mahony.o(i.Mahony_DefaultParams)
    i.Mahony_Init                            0x08004068   Section        0  mahony.o(i.Mahony_Init)
    i.Mahony_UpdateAdaptive                  0x080040dc   Section        0  mahony.o(i.Mahony_UpdateAdaptive)
    i.MemManage_Handler                      0x08004408   Section        0  stm32f4xx_it.o(i.MemManage_Handler)
    i.NMI_Handler                            0x0800440c   Section        0  stm32f4xx_it.o(i.NMI_Handler)
    i.PendSV_Handler                         0x08004410   Section        0  stm32f4xx_it.o(i.PendSV_Handler)
    i.Quat_Clamp                             0x08004412   Section        0  quat_math.o(i.Quat_Clamp)
    Quat_Clamp                               0x08004413   Thumb Code    42  quat_math.o(i.Quat_Clamp)
    i.Quat_Conj                              0x0800443c   Section        0  quat_math.o(i.Quat_Conj)
    i.Quat_Create                            0x08004498   Section        0  quat_math.o(i.Quat_Create)
    i.Quat_GetWorldZInBody                   0x080044cc   Section        0  quat_math.o(i.Quat_GetWorldZInBody)
    i.Quat_Identity                          0x0800458c   Section        0  quat_math.o(i.Quat_Identity)
    i.Quat_IntegrateGyro                     0x080045c8   Section        0  quat_math.o(i.Quat_IntegrateGyro)
    i.Quat_Mul                               0x0800474c   Section        0  quat_math.o(i.Quat_Mul)
    i.Quat_Norm                              0x08004836   Section        0  quat_math.o(i.Quat_Norm)
    i.Quat_Normalize                         0x08004874   Section        0  quat_math.o(i.Quat_Normalize)
    i.Quat_ToAxisAngleDeg                    0x0800493c   Section        0  quat_math.o(i.Quat_ToAxisAngleDeg)
    i.Quat_ToEulerZYXDeg                     0x08004aa8   Section        0  quat_math.o(i.Quat_ToEulerZYXDeg)
    i.Quat_WrapTo180                         0x08004c00   Section        0  quat_math.o(i.Quat_WrapTo180)
    i.SVC_Handler                            0x08004c48   Section        0  stm32f4xx_it.o(i.SVC_Handler)
    i.SysTick_Handler                        0x08004c4a   Section        0  stm32f4xx_it.o(i.SysTick_Handler)
    i.SystemClock_Config                     0x08004c54   Section        0  main.o(i.SystemClock_Config)
    i.SystemInit                             0x08004d08   Section        0  system_stm32f4xx.o(i.SystemInit)
    i.UART_DMAAbortOnError                   0x08004d1c   Section        0  stm32f4xx_hal_uart.o(i.UART_DMAAbortOnError)
    UART_DMAAbortOnError                     0x08004d1d   Thumb Code    18  stm32f4xx_hal_uart.o(i.UART_DMAAbortOnError)
    i.UART_DMAError                          0x08004d2e   Section        0  stm32f4xx_hal_uart.o(i.UART_DMAError)
    UART_DMAError                            0x08004d2f   Thumb Code    80  stm32f4xx_hal_uart.o(i.UART_DMAError)
    i.UART_DMAReceiveCplt                    0x08004d7e   Section        0  stm32f4xx_hal_uart.o(i.UART_DMAReceiveCplt)
    UART_DMAReceiveCplt                      0x08004d7f   Thumb Code   180  stm32f4xx_hal_uart.o(i.UART_DMAReceiveCplt)
    i.UART_DMARxHalfCplt                     0x08004e32   Section        0  stm32f4xx_hal_uart.o(i.UART_DMARxHalfCplt)
    UART_DMARxHalfCplt                       0x08004e33   Thumb Code    36  stm32f4xx_hal_uart.o(i.UART_DMARxHalfCplt)
    i.UART_EndRxTransfer                     0x08004e56   Section        0  stm32f4xx_hal_uart.o(i.UART_EndRxTransfer)
    UART_EndRxTransfer                       0x08004e57   Thumb Code   108  stm32f4xx_hal_uart.o(i.UART_EndRxTransfer)
    i.UART_EndTransmit_IT                    0x08004ec2   Section        0  stm32f4xx_hal_uart.o(i.UART_EndTransmit_IT)
    UART_EndTransmit_IT                      0x08004ec3   Thumb Code    32  stm32f4xx_hal_uart.o(i.UART_EndTransmit_IT)
    i.UART_EndTxTransfer                     0x08004ee2   Section        0  stm32f4xx_hal_uart.o(i.UART_EndTxTransfer)
    UART_EndTxTransfer                       0x08004ee3   Thumb Code    38  stm32f4xx_hal_uart.o(i.UART_EndTxTransfer)
    i.UART_Receive_IT                        0x08004f08   Section        0  stm32f4xx_hal_uart.o(i.UART_Receive_IT)
    UART_Receive_IT                          0x08004f09   Thumb Code   252  stm32f4xx_hal_uart.o(i.UART_Receive_IT)
    i.UART_SetConfig                         0x08005004   Section        0  stm32f4xx_hal_uart.o(i.UART_SetConfig)
    UART_SetConfig                           0x08005005   Thumb Code   546  stm32f4xx_hal_uart.o(i.UART_SetConfig)
    i.UART_Start_Receive_DMA                 0x08005230   Section        0  stm32f4xx_hal_uart.o(i.UART_Start_Receive_DMA)
    i.UART_Transmit_IT                       0x08005308   Section        0  stm32f4xx_hal_uart.o(i.UART_Transmit_IT)
    UART_Transmit_IT                         0x08005309   Thumb Code    96  stm32f4xx_hal_uart.o(i.UART_Transmit_IT)
    i.UART_WaitOnFlagUntilTimeout            0x08005368   Section        0  stm32f4xx_hal_uart.o(i.UART_WaitOnFlagUntilTimeout)
    UART_WaitOnFlagUntilTimeout              0x08005369   Thumb Code   140  stm32f4xx_hal_uart.o(i.UART_WaitOnFlagUntilTimeout)
    i.USART1_IRQHandler                      0x080053f4   Section        0  stm32f4xx_it.o(i.USART1_IRQHandler)
    i.USART2_IRQHandler                      0x08005404   Section        0  stm32f4xx_it.o(i.USART2_IRQHandler)
    i.USART3_IRQHandler                      0x08005414   Section        0  stm32f4xx_it.o(i.USART3_IRQHandler)
    i.UsageFault_Handler                     0x08005424   Section        0  stm32f4xx_it.o(i.UsageFault_Handler)
    i.Vec3f_Create                           0x08005428   Section        0  quat_math.o(i.Vec3f_Create)
    i.Vec3f_Cross                            0x08005450   Section        0  quat_math.o(i.Vec3f_Cross)
    i.Vec3f_Norm                             0x080054ba   Section        0  quat_math.o(i.Vec3f_Norm)
    i.Vec3f_Normalize                        0x080054ec   Section        0  quat_math.o(i.Vec3f_Normalize)
    i.WIT_CheckSum                           0x080055a0   Section        0  wit_protocol.o(i.WIT_CheckSum)
    WIT_CheckSum                             0x080055a1   Thumb Code    26  wit_protocol.o(i.WIT_CheckSum)
    i.WIT_Init                               0x080055bc   Section        0  wit_protocol.o(i.WIT_Init)
    i.WIT_ParseBufferWithCallback            0x080055f4   Section        0  wit_protocol.o(i.WIT_ParseBufferWithCallback)
    i.WIT_ParseByteEx                        0x08005636   Section        0  wit_protocol.o(i.WIT_ParseByteEx)
    i.WIT_ParseFrame                         0x0800567c   Section        0  wit_protocol.o(i.WIT_ParseFrame)
    WIT_ParseFrame                           0x0800567d   Thumb Code   550  wit_protocol.o(i.WIT_ParseFrame)
    i.WIT_ToInt16                            0x080058b4   Section        0  wit_protocol.o(i.WIT_ToInt16)
    WIT_ToInt16                              0x080058b5   Thumb Code    10  wit_protocol.o(i.WIT_ToInt16)
    i.__ARM_fpclassify                       0x080058be   Section        0  fpclassify.o(i.__ARM_fpclassify)
    i.__ARM_fpclassifyf                      0x080058ee   Section        0  fpclassifyf.o(i.__ARM_fpclassifyf)
    i.__NVIC_GetPriorityGrouping             0x08005914   Section        0  stm32f4xx_hal_cortex.o(i.__NVIC_GetPriorityGrouping)
    __NVIC_GetPriorityGrouping               0x08005915   Thumb Code    10  stm32f4xx_hal_cortex.o(i.__NVIC_GetPriorityGrouping)
    i.__NVIC_SetPriority                     0x08005924   Section        0  stm32f4xx_hal_cortex.o(i.__NVIC_SetPriority)
    __NVIC_SetPriority                       0x08005925   Thumb Code    32  stm32f4xx_hal_cortex.o(i.__NVIC_SetPriority)
    i.__hardfp_asinf                         0x0800594c   Section        0  asinf.o(i.__hardfp_asinf)
    i.__hardfp_atan2f                        0x08005a78   Section        0  atan2f.o(i.__hardfp_atan2f)
    i.__hardfp_cosf                          0x08005cc8   Section        0  cosf.o(i.__hardfp_cosf)
    i.__hardfp_sinf                          0x08005e18   Section        0  sinf.o(i.__hardfp_sinf)
    i.__hardfp_sqrtf                         0x08005fa8   Section        0  sqrtf.o(i.__hardfp_sqrtf)
    i.__mathlib_flt_infnan                   0x08005fe2   Section        0  funder.o(i.__mathlib_flt_infnan)
    i.__mathlib_flt_infnan2                  0x08005fe8   Section        0  funder.o(i.__mathlib_flt_infnan2)
    i.__mathlib_flt_invalid                  0x08005ff0   Section        0  funder.o(i.__mathlib_flt_invalid)
    i.__mathlib_flt_underflow                0x08006000   Section        0  funder.o(i.__mathlib_flt_underflow)
    i.__mathlib_rredf2                       0x08006010   Section        0  rredf.o(i.__mathlib_rredf2)
    i._is_digit                              0x08006164   Section        0  __printf_wp.o(i._is_digit)
    i.main                                   0x08006172   Section        0  main.o(i.main)
    i.sqrtf                                  0x0800619a   Section        0  sqrtf.o(i.sqrtf)
    locale$$code                             0x080061d8   Section       44  lc_numeric_c.o(locale$$code)
    x$fpl$dretinf                            0x08006204   Section       12  dretinf.o(x$fpl$dretinf)
    $v0                                      0x08006204   Number         0  dretinf.o(x$fpl$dretinf)
    x$fpl$f2d                                0x08006210   Section       86  f2d.o(x$fpl$f2d)
    $v0                                      0x08006210   Number         0  f2d.o(x$fpl$f2d)
    x$fpl$fnaninf                            0x08006266   Section      140  fnaninf.o(x$fpl$fnaninf)
    $v0                                      0x08006266   Number         0  fnaninf.o(x$fpl$fnaninf)
    x$fpl$fpinit                             0x080062f2   Section       10  fpinit.o(x$fpl$fpinit)
    $v0                                      0x080062f2   Number         0  fpinit.o(x$fpl$fpinit)
    x$fpl$printf1                            0x080062fc   Section        4  printf1.o(x$fpl$printf1)
    $v0                                      0x080062fc   Number         0  printf1.o(x$fpl$printf1)
    .constdata                               0x08006300   Section        8  stm32f4xx_hal_dma.o(.constdata)
    x$fpl$usenofp                            0x08006300   Section        0  usenofp.o(x$fpl$usenofp)
    flagBitshiftOffset                       0x08006300   Data           8  stm32f4xx_hal_dma.o(.constdata)
    .constdata                               0x08006308   Section       24  system_stm32f4xx.o(.constdata)
    .constdata                               0x08006320   Section       32  rredf.o(.constdata)
    twooverpi                                0x08006320   Data          32  rredf.o(.constdata)
    .constdata                               0x08006340   Section      148  bigflt0.o(.constdata)
    tenpwrs_x                                0x08006340   Data          60  bigflt0.o(.constdata)
    tenpwrs_i                                0x0800637c   Data          64  bigflt0.o(.constdata)
    .conststring                             0x080063d4   Section      166  imu_uart.o(.conststring)
    locale$$data                             0x0800649c   Section       28  lc_numeric_c.o(locale$$data)
    __lcnum_c_name                           0x080064a0   Data           2  lc_numeric_c.o(locale$$data)
    __lcnum_c_start                          0x080064a8   Data           0  lc_numeric_c.o(locale$$data)
    __lcnum_c_point                          0x080064b4   Data           0  lc_numeric_c.o(locale$$data)
    __lcnum_c_thousands                      0x080064b6   Data           0  lc_numeric_c.o(locale$$data)
    __lcnum_c_grouping                       0x080064b7   Data           0  lc_numeric_c.o(locale$$data)
    __lcnum_c_end                            0x080064b8   Data           0  lc_numeric_c.o(locale$$data)
    .data                                    0x20000000   Section       76  imu_uart.o(.data)
    last_output_tick                         0x20000000   Data           4  imu_uart.o(.data)
    last_dt_monitor_tick                     0x20000004   Data           4  imu_uart.o(.data)
    last_hand_cnt_for_hz                     0x20000008   Data           4  imu_uart.o(.data)
    last_arm_cnt_for_hz                      0x2000000c   Data           4  imu_uart.o(.data)
    hand_hz                                  0x20000010   Data           4  imu_uart.o(.data)
    arm_hz                                   0x20000014   Data           4  imu_uart.o(.data)
    hand_dt_avg_us                           0x20000018   Data           4  imu_uart.o(.data)
    arm_dt_avg_us                            0x2000001c   Data           4  imu_uart.o(.data)
    hand_dt_err_us                           0x20000020   Data           4  imu_uart.o(.data)
    arm_dt_err_us                            0x20000024   Data           4  imu_uart.o(.data)
    hand_dma_event_count                     0x20000028   Data           4  imu_uart.o(.data)
    arm_dma_event_count                      0x2000002c   Data           4  imu_uart.o(.data)
    hand_dma_total_gyro_frames               0x20000030   Data           4  imu_uart.o(.data)
    arm_dma_total_gyro_frames                0x20000034   Data           4  imu_uart.o(.data)
    hand_dma_last_bytes                      0x20000038   Data           2  imu_uart.o(.data)
    arm_dma_last_bytes                       0x2000003a   Data           2  imu_uart.o(.data)
    hand_dma_last_gyro_frames                0x2000003c   Data           2  imu_uart.o(.data)
    arm_dma_last_gyro_frames                 0x2000003e   Data           2  imu_uart.o(.data)
    hand_dma_max_gyro_frames                 0x20000040   Data           2  imu_uart.o(.data)
    arm_dma_max_gyro_frames                  0x20000042   Data           2  imu_uart.o(.data)
    hand_dma_avg_gyro_frames                 0x20000044   Data           4  imu_uart.o(.data)
    arm_dma_avg_gyro_frames                  0x20000048   Data           4  imu_uart.o(.data)
    .data                                    0x2000004c   Section        9  stm32f4xx_hal.o(.data)
    .data                                    0x20000058   Section        4  system_stm32f4xx.o(.data)
    .bss                                     0x2000005c   Section      504  usart.o(.bss)
    .bss                                     0x20000254   Section     4136  imu_uart.o(.bss)
    imu_hand_rx_buf                          0x20000254   Data         256  imu_uart.o(.bss)
    imu_arm_rx_buf                           0x20000354   Data         256  imu_uart.o(.bss)
    pc_rx_buf                                0x20000454   Data          64  imu_uart.o(.bss)
    wit_hand                                 0x20000494   Data          88  imu_uart.o(.bss)
    wit_arm                                  0x200004ec   Data          88  imu_uart.o(.bss)
    dual_imu                                 0x20000544   Data         272  imu_uart.o(.bss)
    hand_queue                               0x20000654   Data        1556  imu_uart.o(.bss)
    arm_queue                                0x20000c68   Data        1556  imu_uart.o(.bss)
    .bss                                     0x2000127c   Section       96  libspace.o(.bss)
    HEAP                                     0x200012e0   Section      512  startup_stm32f407xx.o(HEAP)
    Heap_Mem                                 0x200012e0   Data         512  startup_stm32f407xx.o(HEAP)
    STACK                                    0x200014e0   Section     1024  startup_stm32f407xx.o(STACK)
    Stack_Mem                                0x200014e0   Data        1024  startup_stm32f407xx.o(STACK)
    __initial_sp                             0x200018e0   Data           0  startup_stm32f407xx.o(STACK)

    Global Symbols

    Symbol Name                              Value     Ov Type        Size  Object(Section)

    BuildAttributes$$THM_ISAv4$E$P$D$K$B$S$7EM$VFPi3$EXTD16$VFPS$VFMA$PE$A:L22UL41UL21$X:L11$S22US41US21$IEEE1$IW$USESV6$~STKCKD$USESV7$~SHL$OTIME$ROPI$IEEEX$EBA8$UX$STANDARDLIB$REQ8$PRES8$EABIv2 0x00000000   Number         0  anon$$obj.o ABSOLUTE
    __ARM_use_no_argv                        0x00000000   Number         0  main.o ABSOLUTE
    _printf_flags                            0x00000000   Number         0  printf_stubs.o ABSOLUTE
    _printf_return_value                     0x00000000   Number         0  printf_stubs.o ABSOLUTE
    _printf_sizespec                         0x00000000   Number         0  printf_stubs.o ABSOLUTE
    _printf_widthprec                        0x00000000   Number         0  printf_stubs.o ABSOLUTE
    __ARM_exceptions_init                     - Undefined Weak Reference
    __alloca_initialize                       - Undefined Weak Reference
    __arm_preinit_                            - Undefined Weak Reference
    __cpp_initialize__aeabi_                  - Undefined Weak Reference
    __cxa_finalize                            - Undefined Weak Reference
    __sigvec_lookup                           - Undefined Weak Reference
    _atexit_init                              - Undefined Weak Reference
    _call_atexit_fns                          - Undefined Weak Reference
    _clock_init                               - Undefined Weak Reference
    _fp_trap_init                             - Undefined Weak Reference
    _fp_trap_shutdown                         - Undefined Weak Reference
    _get_lc_collate                           - Undefined Weak Reference
    _get_lc_ctype                             - Undefined Weak Reference
    _get_lc_monetary                          - Undefined Weak Reference
    _get_lc_time                              - Undefined Weak Reference
    _getenv_init                              - Undefined Weak Reference
    _handle_redirection                       - Undefined Weak Reference
    _init_alloc                               - Undefined Weak Reference
    _init_user_alloc                          - Undefined Weak Reference
    _initio                                   - Undefined Weak Reference
    _printf_post_padding                      - Undefined Weak Reference
    _printf_pre_padding                       - Undefined Weak Reference
    _printf_truncate_signed                   - Undefined Weak Reference
    _printf_truncate_unsigned                 - Undefined Weak Reference
    _rand_init                                - Undefined Weak Reference
    _signal_finish                            - Undefined Weak Reference
    _signal_init                              - Undefined Weak Reference
    _terminate_alloc                          - Undefined Weak Reference
    _terminate_user_alloc                     - Undefined Weak Reference
    _terminateio                              - Undefined Weak Reference
    __Vectors_Size                           0x00000188   Number         0  startup_stm32f407xx.o ABSOLUTE
    __Vectors                                0x08000000   Data           4  startup_stm32f407xx.o(RESET)
    __Vectors_End                            0x08000188   Data           0  startup_stm32f407xx.o(RESET)
    __main                                   0x08000189   Thumb Code     8  __main.o(!!!main)
    __scatterload                            0x08000191   Thumb Code     0  __scatter.o(!!!scatter)
    __scatterload_rt2                        0x08000191   Thumb Code    44  __scatter.o(!!!scatter)
    __scatterload_rt2_thumb_only             0x08000191   Thumb Code     0  __scatter.o(!!!scatter)
    __scatterload_null                       0x0800019f   Thumb Code     0  __scatter.o(!!!scatter)
    __scatterload_copy                       0x080001c5   Thumb Code    26  __scatter_copy.o(!!handler_copy)
    __scatterload_zeroinit                   0x080001e1   Thumb Code    28  __scatter_zi.o(!!handler_zi)
    _printf_f                                0x080001fd   Thumb Code     0  _printf_f.o(.ARM.Collect$$_printf_percent$$00000003)
    _printf_percent                          0x080001fd   Thumb Code     0  _printf_percent.o(.ARM.Collect$$_printf_percent$$00000000)
    _printf_u                                0x08000203   Thumb Code     0  _printf_u.o(.ARM.Collect$$_printf_percent$$0000000A)
    _printf_percent_end                      0x08000209   Thumb Code     0  _printf_percent_end.o(.ARM.Collect$$_printf_percent$$00000017)
    __rt_lib_init                            0x0800020d   Thumb Code     0  libinit.o(.ARM.Collect$$libinit$$00000000)
    __rt_lib_init_fp_1                       0x0800020f   Thumb Code     0  libinit2.o(.ARM.Collect$$libinit$$00000001)
    __rt_lib_init_heap_1                     0x08000213   Thumb Code     0  libinit2.o(.ARM.Collect$$libinit$$0000000A)
    __rt_lib_init_lc_common                  0x08000213   Thumb Code     0  libinit2.o(.ARM.Collect$$libinit$$0000000F)
    __rt_lib_init_preinit_1                  0x08000213   Thumb Code     0  libinit2.o(.ARM.Collect$$libinit$$00000004)
    __rt_lib_init_rand_1                     0x08000213   Thumb Code     0  libinit2.o(.ARM.Collect$$libinit$$0000000E)
    __rt_lib_init_user_alloc_1               0x08000213   Thumb Code     0  libinit2.o(.ARM.Collect$$libinit$$0000000C)
    __rt_lib_init_lc_collate_1               0x08000219   Thumb Code     0  libinit2.o(.ARM.Collect$$libinit$$00000011)
    __rt_lib_init_lc_ctype_1                 0x08000219   Thumb Code     0  libinit2.o(.ARM.Collect$$libinit$$00000013)
    __rt_lib_init_lc_monetary_1              0x08000219   Thumb Code     0  libinit2.o(.ARM.Collect$$libinit$$00000015)
    __rt_lib_init_lc_numeric_2               0x08000219   Thumb Code     0  libinit2.o(.ARM.Collect$$libinit$$00000016)
    __rt_lib_init_alloca_1                   0x08000223   Thumb Code     0  libinit2.o(.ARM.Collect$$libinit$$0000002E)
    __rt_lib_init_argv_1                     0x08000223   Thumb Code     0  libinit2.o(.ARM.Collect$$libinit$$0000002C)
    __rt_lib_init_atexit_1                   0x08000223   Thumb Code     0  libinit2.o(.ARM.Collect$$libinit$$0000001B)
    __rt_lib_init_clock_1                    0x08000223   Thumb Code     0  libinit2.o(.ARM.Collect$$libinit$$00000021)
    __rt_lib_init_cpp_1                      0x08000223   Thumb Code     0  libinit2.o(.ARM.Collect$$libinit$$00000032)
    __rt_lib_init_exceptions_1               0x08000223   Thumb Code     0  libinit2.o(.ARM.Collect$$libinit$$00000030)
    __rt_lib_init_fp_trap_1                  0x08000223   Thumb Code     0  libinit2.o(.ARM.Collect$$libinit$$0000001F)
    __rt_lib_init_getenv_1                   0x08000223   Thumb Code     0  libinit2.o(.ARM.Collect$$libinit$$00000023)
    __rt_lib_init_lc_numeric_1               0x08000223   Thumb Code     0  libinit2.o(.ARM.Collect$$libinit$$00000017)
    __rt_lib_init_lc_time_1                  0x08000223   Thumb Code     0  libinit2.o(.ARM.Collect$$libinit$$00000019)
    __rt_lib_init_return                     0x08000223   Thumb Code     0  libinit2.o(.ARM.Collect$$libinit$$00000033)
    __rt_lib_init_signal_1                   0x08000223   Thumb Code     0  libinit2.o(.ARM.Collect$$libinit$$0000001D)
    __rt_lib_init_stdio_1                    0x08000223   Thumb Code     0  libinit2.o(.ARM.Collect$$libinit$$00000025)
    __rt_lib_shutdown                        0x08000225   Thumb Code     0  libshutdown.o(.ARM.Collect$$libshutdown$$00000000)
    __rt_lib_shutdown_cpp_1                  0x08000227   Thumb Code     0  libshutdown2.o(.ARM.Collect$$libshutdown$$00000002)
    __rt_lib_shutdown_fp_trap_1              0x08000227   Thumb Code     0  libshutdown2.o(.ARM.Collect$$libshutdown$$00000007)
    __rt_lib_shutdown_heap_1                 0x08000227   Thumb Code     0  libshutdown2.o(.ARM.Collect$$libshutdown$$0000000F)
    __rt_lib_shutdown_return                 0x08000227   Thumb Code     0  libshutdown2.o(.ARM.Collect$$libshutdown$$00000010)
    __rt_lib_shutdown_signal_1               0x08000227   Thumb Code     0  libshutdown2.o(.ARM.Collect$$libshutdown$$0000000A)
    __rt_lib_shutdown_stdio_1                0x08000227   Thumb Code     0  libshutdown2.o(.ARM.Collect$$libshutdown$$00000004)
    __rt_lib_shutdown_user_alloc_1           0x08000227   Thumb Code     0  libshutdown2.o(.ARM.Collect$$libshutdown$$0000000C)
    __rt_entry                               0x08000229   Thumb Code     0  __rtentry.o(.ARM.Collect$$rtentry$$00000000)
    __rt_entry_presh_1                       0x08000229   Thumb Code     0  __rtentry2.o(.ARM.Collect$$rtentry$$00000002)
    __rt_entry_sh                            0x08000229   Thumb Code     0  __rtentry4.o(.ARM.Collect$$rtentry$$00000004)
    __rt_entry_li                            0x0800022f   Thumb Code     0  __rtentry2.o(.ARM.Collect$$rtentry$$0000000A)
    __rt_entry_postsh_1                      0x0800022f   Thumb Code     0  __rtentry2.o(.ARM.Collect$$rtentry$$00000009)
    __rt_entry_main                          0x08000233   Thumb Code     0  __rtentry2.o(.ARM.Collect$$rtentry$$0000000D)
    __rt_entry_postli_1                      0x08000233   Thumb Code     0  __rtentry2.o(.ARM.Collect$$rtentry$$0000000C)
    __rt_exit                                0x0800023b   Thumb Code     0  rtexit.o(.ARM.Collect$$rtexit$$00000000)
    __rt_exit_ls                             0x0800023d   Thumb Code     0  rtexit2.o(.ARM.Collect$$rtexit$$00000003)
    __rt_exit_prels_1                        0x0800023d   Thumb Code     0  rtexit2.o(.ARM.Collect$$rtexit$$00000002)
    __rt_exit_exit                           0x08000241   Thumb Code     0  rtexit2.o(.ARM.Collect$$rtexit$$00000004)
    Reset_Handler                            0x08000249   Thumb Code     8  startup_stm32f407xx.o(.text)
    ADC_IRQHandler                           0x08000263   Thumb Code     0  startup_stm32f407xx.o(.text)
    CAN1_RX0_IRQHandler                      0x08000263   Thumb Code     0  startup_stm32f407xx.o(.text)
    CAN1_RX1_IRQHandler                      0x08000263   Thumb Code     0  startup_stm32f407xx.o(.text)
    CAN1_SCE_IRQHandler                      0x08000263   Thumb Code     0  startup_stm32f407xx.o(.text)
    CAN1_TX_IRQHandler                       0x08000263   Thumb Code     0  startup_stm32f407xx.o(.text)
    CAN2_RX0_IRQHandler                      0x08000263   Thumb Code     0  startup_stm32f407xx.o(.text)
    CAN2_RX1_IRQHandler                      0x08000263   Thumb Code     0  startup_stm32f407xx.o(.text)
    CAN2_SCE_IRQHandler                      0x08000263   Thumb Code     0  startup_stm32f407xx.o(.text)
    CAN2_TX_IRQHandler                       0x08000263   Thumb Code     0  startup_stm32f407xx.o(.text)
    DCMI_IRQHandler                          0x08000263   Thumb Code     0  startup_stm32f407xx.o(.text)
    DMA1_Stream0_IRQHandler                  0x08000263   Thumb Code     0  startup_stm32f407xx.o(.text)
    DMA1_Stream2_IRQHandler                  0x08000263   Thumb Code     0  startup_stm32f407xx.o(.text)
    DMA1_Stream3_IRQHandler                  0x08000263   Thumb Code     0  startup_stm32f407xx.o(.text)
    DMA1_Stream4_IRQHandler                  0x08000263   Thumb Code     0  startup_stm32f407xx.o(.text)
    DMA1_Stream6_IRQHandler                  0x08000263   Thumb Code     0  startup_stm32f407xx.o(.text)
    DMA1_Stream7_IRQHandler                  0x08000263   Thumb Code     0  startup_stm32f407xx.o(.text)
    DMA2_Stream0_IRQHandler                  0x08000263   Thumb Code     0  startup_stm32f407xx.o(.text)
    DMA2_Stream1_IRQHandler                  0x08000263   Thumb Code     0  startup_stm32f407xx.o(.text)
    DMA2_Stream3_IRQHandler                  0x08000263   Thumb Code     0  startup_stm32f407xx.o(.text)
    DMA2_Stream4_IRQHandler                  0x08000263   Thumb Code     0  startup_stm32f407xx.o(.text)
    DMA2_Stream5_IRQHandler                  0x08000263   Thumb Code     0  startup_stm32f407xx.o(.text)
    DMA2_Stream6_IRQHandler                  0x08000263   Thumb Code     0  startup_stm32f407xx.o(.text)
    DMA2_Stream7_IRQHandler                  0x08000263   Thumb Code     0  startup_stm32f407xx.o(.text)
    ETH_IRQHandler                           0x08000263   Thumb Code     0  startup_stm32f407xx.o(.text)
    ETH_WKUP_IRQHandler                      0x08000263   Thumb Code     0  startup_stm32f407xx.o(.text)
    EXTI0_IRQHandler                         0x08000263   Thumb Code     0  startup_stm32f407xx.o(.text)
    EXTI15_10_IRQHandler                     0x08000263   Thumb Code     0  startup_stm32f407xx.o(.text)
    EXTI1_IRQHandler                         0x08000263   Thumb Code     0  startup_stm32f407xx.o(.text)
    EXTI2_IRQHandler                         0x08000263   Thumb Code     0  startup_stm32f407xx.o(.text)
    EXTI3_IRQHandler                         0x08000263   Thumb Code     0  startup_stm32f407xx.o(.text)
    EXTI4_IRQHandler                         0x08000263   Thumb Code     0  startup_stm32f407xx.o(.text)
    EXTI9_5_IRQHandler                       0x08000263   Thumb Code     0  startup_stm32f407xx.o(.text)
    FLASH_IRQHandler                         0x08000263   Thumb Code     0  startup_stm32f407xx.o(.text)
    FMC_IRQHandler                           0x08000263   Thumb Code     0  startup_stm32f407xx.o(.text)
    FPU_IRQHandler                           0x08000263   Thumb Code     0  startup_stm32f407xx.o(.text)
    HASH_RNG_IRQHandler                      0x08000263   Thumb Code     0  startup_stm32f407xx.o(.text)
    I2C1_ER_IRQHandler                       0x08000263   Thumb Code     0  startup_stm32f407xx.o(.text)
    I2C1_EV_IRQHandler                       0x08000263   Thumb Code     0  startup_stm32f407xx.o(.text)
    I2C2_ER_IRQHandler                       0x08000263   Thumb Code     0  startup_stm32f407xx.o(.text)
    I2C2_EV_IRQHandler                       0x08000263   Thumb Code     0  startup_stm32f407xx.o(.text)
    I2C3_ER_IRQHandler                       0x08000263   Thumb Code     0  startup_stm32f407xx.o(.text)
    I2C3_EV_IRQHandler                       0x08000263   Thumb Code     0  startup_stm32f407xx.o(.text)
    OTG_FS_IRQHandler                        0x08000263   Thumb Code     0  startup_stm32f407xx.o(.text)
    OTG_FS_WKUP_IRQHandler                   0x08000263   Thumb Code     0  startup_stm32f407xx.o(.text)
    OTG_HS_EP1_IN_IRQHandler                 0x08000263   Thumb Code     0  startup_stm32f407xx.o(.text)
    OTG_HS_EP1_OUT_IRQHandler                0x08000263   Thumb Code     0  startup_stm32f407xx.o(.text)
    OTG_HS_IRQHandler                        0x08000263   Thumb Code     0  startup_stm32f407xx.o(.text)
    OTG_HS_WKUP_IRQHandler                   0x08000263   Thumb Code     0  startup_stm32f407xx.o(.text)
    PVD_IRQHandler                           0x08000263   Thumb Code     0  startup_stm32f407xx.o(.text)
    RCC_IRQHandler                           0x08000263   Thumb Code     0  startup_stm32f407xx.o(.text)
    RTC_Alarm_IRQHandler                     0x08000263   Thumb Code     0  startup_stm32f407xx.o(.text)
    RTC_WKUP_IRQHandler                      0x08000263   Thumb Code     0  startup_stm32f407xx.o(.text)
    SDIO_IRQHandler                          0x08000263   Thumb Code     0  startup_stm32f407xx.o(.text)
    SPI1_IRQHandler                          0x08000263   Thumb Code     0  startup_stm32f407xx.o(.text)
    SPI2_IRQHandler                          0x08000263   Thumb Code     0  startup_stm32f407xx.o(.text)
    SPI3_IRQHandler                          0x08000263   Thumb Code     0  startup_stm32f407xx.o(.text)
    TAMP_STAMP_IRQHandler                    0x08000263   Thumb Code     0  startup_stm32f407xx.o(.text)
    TIM1_BRK_TIM9_IRQHandler                 0x08000263   Thumb Code     0  startup_stm32f407xx.o(.text)
    TIM1_CC_IRQHandler                       0x08000263   Thumb Code     0  startup_stm32f407xx.o(.text)
    TIM1_TRG_COM_TIM11_IRQHandler            0x08000263   Thumb Code     0  startup_stm32f407xx.o(.text)
    TIM1_UP_TIM10_IRQHandler                 0x08000263   Thumb Code     0  startup_stm32f407xx.o(.text)
    TIM2_IRQHandler                          0x08000263   Thumb Code     0  startup_stm32f407xx.o(.text)
    TIM3_IRQHandler                          0x08000263   Thumb Code     0  startup_stm32f407xx.o(.text)
    TIM4_IRQHandler                          0x08000263   Thumb Code     0  startup_stm32f407xx.o(.text)
    TIM5_IRQHandler                          0x08000263   Thumb Code     0  startup_stm32f407xx.o(.text)
    TIM6_DAC_IRQHandler                      0x08000263   Thumb Code     0  startup_stm32f407xx.o(.text)
    TIM7_IRQHandler                          0x08000263   Thumb Code     0  startup_stm32f407xx.o(.text)
    TIM8_BRK_TIM12_IRQHandler                0x08000263   Thumb Code     0  startup_stm32f407xx.o(.text)
    TIM8_CC_IRQHandler                       0x08000263   Thumb Code     0  startup_stm32f407xx.o(.text)
    TIM8_TRG_COM_TIM14_IRQHandler            0x08000263   Thumb Code     0  startup_stm32f407xx.o(.text)
    TIM8_UP_TIM13_IRQHandler                 0x08000263   Thumb Code     0  startup_stm32f407xx.o(.text)
    UART4_IRQHandler                         0x08000263   Thumb Code     0  startup_stm32f407xx.o(.text)
    UART5_IRQHandler                         0x08000263   Thumb Code     0  startup_stm32f407xx.o(.text)
    USART6_IRQHandler                        0x08000263   Thumb Code     0  startup_stm32f407xx.o(.text)
    WWDG_IRQHandler                          0x08000263   Thumb Code     0  startup_stm32f407xx.o(.text)
    __user_initial_stackheap                 0x08000265   Thumb Code     0  startup_stm32f407xx.o(.text)
    __aeabi_uldivmod                         0x08000289   Thumb Code     0  lludivv7m.o(.text)
    _ll_udiv                                 0x08000289   Thumb Code   238  lludivv7m.o(.text)
    __2snprintf                              0x08000379   Thumb Code    48  noretval__2snprintf.o(.text)
    _printf_int_dec                          0x080003ad   Thumb Code   104  _printf_dec.o(.text)
    __printf                                 0x08000425   Thumb Code   352  __printf_ss_wp.o(.text)
    strlen                                   0x08000585   Thumb Code    62  strlen.o(.text)
    __aeabi_memcpy4                          0x080005c3   Thumb Code     0  rt_memcpy_w.o(.text)
    __aeabi_memcpy8                          0x080005c3   Thumb Code     0  rt_memcpy_w.o(.text)
    __rt_memcpy_w                            0x080005c3   Thumb Code   100  rt_memcpy_w.o(.text)
    _memcpy_lastbytes_aligned                0x0800060b   Thumb Code     0  rt_memcpy_w.o(.text)
    __aeabi_memclr4                          0x08000627   Thumb Code     0  rt_memclr_w.o(.text)
    __aeabi_memclr8                          0x08000627   Thumb Code     0  rt_memclr_w.o(.text)
    __rt_memclr_w                            0x08000627   Thumb Code    78  rt_memclr_w.o(.text)
    _memset_w                                0x0800062b   Thumb Code     0  rt_memclr_w.o(.text)
    __use_two_region_memory                  0x08000675   Thumb Code     2  heapauxi.o(.text)
    __rt_heap_escrow$2region                 0x08000677   Thumb Code     2  heapauxi.o(.text)
    __rt_heap_expand$2region                 0x08000679   Thumb Code     2  heapauxi.o(.text)
    __read_errno                             0x0800067b   Thumb Code    10  _rserrno.o(.text)
    __set_errno                              0x08000685   Thumb Code    12  _rserrno.o(.text)
    _printf_int_common                       0x08000691   Thumb Code   178  _printf_intcommon.o(.text)
    __lib_sel_fp_printf                      0x08000743   Thumb Code     2  _printf_fp_dec.o(.text)
    _printf_fp_dec_real                      0x080008f5   Thumb Code   620  _printf_fp_dec.o(.text)
    _printf_char_common                      0x08000b6b   Thumb Code    32  _printf_char_common.o(.text)
    _sputc                                   0x08000b91   Thumb Code    10  _sputc.o(.text)
    _snputc                                  0x08000b9b   Thumb Code    16  _snputc.o(.text)
    __rt_locale                              0x08000bad   Thumb Code     8  rt_locale_intlibspace.o(.text)
    __aeabi_errno_addr                       0x08000bb5   Thumb Code     8  rt_errno_addr_intlibspace.o(.text)
    __errno$intlibspace                      0x08000bb5   Thumb Code     0  rt_errno_addr_intlibspace.o(.text)
    __rt_errno_addr$intlibspace              0x08000bb5   Thumb Code     0  rt_errno_addr_intlibspace.o(.text)
    _ll_udiv10                               0x08000bbd   Thumb Code   138  lludiv10.o(.text)
    _printf_fp_infnan                        0x08000c49   Thumb Code   112  _printf_fp_infnan.o(.text)
    _btod_etento                             0x08000cc9   Thumb Code   224  bigflt0.o(.text)
    __user_libspace                          0x08000dad   Thumb Code     8  libspace.o(.text)
    __user_perproc_libspace                  0x08000dad   Thumb Code     0  libspace.o(.text)
    __user_perthread_libspace                0x08000dad   Thumb Code     0  libspace.o(.text)
    __user_setup_stackheap                   0x08000db5   Thumb Code    74  sys_stackheap_outer.o(.text)
    exit                                     0x08000dff   Thumb Code    18  exit.o(.text)
    strcmp                                   0x08000e11   Thumb Code   128  strcmpv7m.o(.text)
    _sys_exit                                0x08000e91   Thumb Code     8  sys_exit.o(.text)
    __I$use$semihosting                      0x08000e9d   Thumb Code     0  use_no_semi.o(.text)
    __use_no_semihosting_swi                 0x08000e9d   Thumb Code     2  use_no_semi.o(.text)
    __semihosting_library_function           0x08000e9f   Thumb Code     0  indicate_semi.o(.text)
    _btod_d2e                                0x08000e9f   Thumb Code    62  btod.o(CL$$btod_d2e)
    _d2e_denorm_low                          0x08000edd   Thumb Code    70  btod.o(CL$$btod_d2e_denorm_low)
    _d2e_norm_op1                            0x08000f23   Thumb Code    96  btod.o(CL$$btod_d2e_norm_op1)
    __btod_div_common                        0x08000f83   Thumb Code   696  btod.o(CL$$btod_div_common)
    _e2e                                     0x080012bb   Thumb Code   220  btod.o(CL$$btod_e2e)
    _btod_ediv                               0x08001397   Thumb Code    42  btod.o(CL$$btod_ediv)
    _btod_emul                               0x080013c1   Thumb Code    42  btod.o(CL$$btod_emul)
    __btod_mult_common                       0x080013eb   Thumb Code   580  btod.o(CL$$btod_mult_common)
    BusFault_Handler                         0x0800162f   Thumb Code     4  stm32f4xx_it.o(i.BusFault_Handler)
    DMA1_Stream1_IRQHandler                  0x08001635   Thumb Code    10  stm32f4xx_it.o(i.DMA1_Stream1_IRQHandler)
    DMA1_Stream5_IRQHandler                  0x08001645   Thumb Code    10  stm32f4xx_it.o(i.DMA1_Stream5_IRQHandler)
    DMA2_Stream2_IRQHandler                  0x08001655   Thumb Code    10  stm32f4xx_it.o(i.DMA2_Stream2_IRQHandler)
    DebugMon_Handler                         0x0800176f   Thumb Code     2  stm32f4xx_it.o(i.DebugMon_Handler)
    DualIMU_GetRelativeAxisAngle             0x08001809   Thumb Code    78  dual_imu.o(i.DualIMU_GetRelativeAxisAngle)
    DualIMU_GetRelativeEuler                 0x0800185d   Thumb Code    56  dual_imu.o(i.DualIMU_GetRelativeEuler)
    DualIMU_Init                             0x080018e5   Thumb Code   254  dual_imu.o(i.DualIMU_Init)
    DualIMU_SetZero                          0x080019e9   Thumb Code    70  dual_imu.o(i.DualIMU_SetZero)
    DualIMU_UpdateOne                        0x08001a2f   Thumb Code   162  dual_imu.o(i.DualIMU_UpdateOne)
    DualIMU_UpdateRelative                   0x08001ad1   Thumb Code   636  dual_imu.o(i.DualIMU_UpdateRelative)
    Error_Handler                            0x08001d4d   Thumb Code     6  main.o(i.Error_Handler)
    HAL_DMA_Abort                            0x08001d53   Thumb Code   172  stm32f4xx_hal_dma.o(i.HAL_DMA_Abort)
    HAL_DMA_Abort_IT                         0x08001dff   Thumb Code    40  stm32f4xx_hal_dma.o(i.HAL_DMA_Abort_IT)
    HAL_DMA_IRQHandler                       0x08001e29   Thumb Code   570  stm32f4xx_hal_dma.o(i.HAL_DMA_IRQHandler)
    HAL_DMA_Init                             0x08002069   Thumb Code   232  stm32f4xx_hal_dma.o(i.HAL_DMA_Init)
    HAL_DMA_Start_IT                         0x08002155   Thumb Code   146  stm32f4xx_hal_dma.o(i.HAL_DMA_Start_IT)
    HAL_GPIO_Init                            0x080021e9   Thumb Code   454  stm32f4xx_hal_gpio.o(i.HAL_GPIO_Init)
    HAL_GetTick                              0x080023dd   Thumb Code     6  stm32f4xx_hal.o(i.HAL_GetTick)
    HAL_IncTick                              0x080023e9   Thumb Code    16  stm32f4xx_hal.o(i.HAL_IncTick)
    HAL_Init                                 0x08002401   Thumb Code    54  stm32f4xx_hal.o(i.HAL_Init)
    HAL_InitTick                             0x0800243d   Thumb Code    64  stm32f4xx_hal.o(i.HAL_InitTick)
    HAL_MspInit                              0x08002489   Thumb Code    68  stm32f4xx_hal_msp.o(i.HAL_MspInit)
    HAL_NVIC_EnableIRQ                       0x080024d1   Thumb Code    40  stm32f4xx_hal_cortex.o(i.HAL_NVIC_EnableIRQ)
    HAL_NVIC_SetPriority                     0x080024f9   Thumb Code   124  stm32f4xx_hal_cortex.o(i.HAL_NVIC_SetPriority)
    HAL_NVIC_SetPriorityGrouping             0x08002575   Thumb Code    32  stm32f4xx_hal_cortex.o(i.HAL_NVIC_SetPriorityGrouping)
    HAL_RCC_ClockConfig                      0x0800259d   Thumb Code   368  stm32f4xx_hal_rcc.o(i.HAL_RCC_ClockConfig)
    HAL_RCC_GetHCLKFreq                      0x08002721   Thumb Code     6  stm32f4xx_hal_rcc.o(i.HAL_RCC_GetHCLKFreq)
    HAL_RCC_GetPCLK1Freq                     0x0800272d   Thumb Code    22  stm32f4xx_hal_rcc.o(i.HAL_RCC_GetPCLK1Freq)
    HAL_RCC_GetPCLK2Freq                     0x0800274d   Thumb Code    22  stm32f4xx_hal_rcc.o(i.HAL_RCC_GetPCLK2Freq)
    HAL_RCC_GetSysClockFreq                  0x0800276d   Thumb Code   162  stm32f4xx_hal_rcc.o(i.HAL_RCC_GetSysClockFreq)
    HAL_RCC_OscConfig                        0x0800281d   Thumb Code  1172  stm32f4xx_hal_rcc.o(i.HAL_RCC_OscConfig)
    HAL_SYSTICK_Config                       0x08002cb9   Thumb Code    52  stm32f4xx_hal_cortex.o(i.HAL_SYSTICK_Config)
    HAL_UARTEx_ReceiveToIdle_DMA             0x08002ced   Thumb Code   112  stm32f4xx_hal_uart.o(i.HAL_UARTEx_ReceiveToIdle_DMA)
    HAL_UARTEx_RxEventCallback               0x08002d5d   Thumb Code   288  imu_uart.o(i.HAL_UARTEx_RxEventCallback)
    HAL_UART_ErrorCallback                   0x08002ed5   Thumb Code    30  imu_uart.o(i.HAL_UART_ErrorCallback)
    HAL_UART_IRQHandler                      0x08002f01   Thumb Code   772  stm32f4xx_hal_uart.o(i.HAL_UART_IRQHandler)
    HAL_UART_Init                            0x08003209   Thumb Code   118  stm32f4xx_hal_uart.o(i.HAL_UART_Init)
    HAL_UART_MspInit                         0x08003281   Thumb Code   570  usart.o(i.HAL_UART_MspInit)
    HAL_UART_RxCpltCallback                  0x080034e9   Thumb Code     2  stm32f4xx_hal_uart.o(i.HAL_UART_RxCpltCallback)
    HAL_UART_RxHalfCpltCallback              0x080034eb   Thumb Code     2  stm32f4xx_hal_uart.o(i.HAL_UART_RxHalfCpltCallback)
    HAL_UART_Transmit                        0x080034ed   Thumb Code   190  stm32f4xx_hal_uart.o(i.HAL_UART_Transmit)
    HAL_UART_TxCpltCallback                  0x080035ab   Thumb Code     2  stm32f4xx_hal_uart.o(i.HAL_UART_TxCpltCallback)
    HardFault_Handler                        0x080035ad   Thumb Code     4  stm32f4xx_it.o(i.HardFault_Handler)
    IMU_UART_Init                            0x08003699   Thumb Code   178  imu_uart.o(i.IMU_UART_Init)
    IMU_UART_SetZero                         0x08003b39   Thumb Code    16  imu_uart.o(i.IMU_UART_SetZero)
    IMU_UART_Task                            0x08003be5   Thumb Code    16  imu_uart.o(i.IMU_UART_Task)
    MX_DMA_Init                              0x08003e69   Thumb Code   114  dma.o(i.MX_DMA_Init)
    MX_GPIO_Init                             0x08003ee1   Thumb Code    96  gpio.o(i.MX_GPIO_Init)
    MX_USART1_UART_Init                      0x08003f45   Thumb Code    46  usart.o(i.MX_USART1_UART_Init)
    MX_USART2_UART_Init                      0x08003f7d   Thumb Code    46  usart.o(i.MX_USART2_UART_Init)
    MX_USART3_UART_Init                      0x08003fb5   Thumb Code    46  usart.o(i.MX_USART3_UART_Init)
    Mahony_DefaultParams                     0x08004019   Thumb Code    68  mahony.o(i.Mahony_DefaultParams)
    Mahony_Init                              0x08004069   Thumb Code   112  mahony.o(i.Mahony_Init)
    Mahony_UpdateAdaptive                    0x080040dd   Thumb Code   800  mahony.o(i.Mahony_UpdateAdaptive)
    MemManage_Handler                        0x08004409   Thumb Code     4  stm32f4xx_it.o(i.MemManage_Handler)
    NMI_Handler                              0x0800440d   Thumb Code     4  stm32f4xx_it.o(i.NMI_Handler)
    PendSV_Handler                           0x08004411   Thumb Code     2  stm32f4xx_it.o(i.PendSV_Handler)
    Quat_Conj                                0x0800443d   Thumb Code    92  quat_math.o(i.Quat_Conj)
    Quat_Create                              0x08004499   Thumb Code    52  quat_math.o(i.Quat_Create)
    Quat_GetWorldZInBody                     0x080044cd   Thumb Code   192  quat_math.o(i.Quat_GetWorldZInBody)
    Quat_Identity                            0x0800458d   Thumb Code    56  quat_math.o(i.Quat_Identity)
    Quat_IntegrateGyro                       0x080045c9   Thumb Code   384  quat_math.o(i.Quat_IntegrateGyro)
    Quat_Mul                                 0x0800474d   Thumb Code   234  quat_math.o(i.Quat_Mul)
    Quat_Norm                                0x08004837   Thumb Code    60  quat_math.o(i.Quat_Norm)
    Quat_Normalize                           0x08004875   Thumb Code   196  quat_math.o(i.Quat_Normalize)
    Quat_ToAxisAngleDeg                      0x0800493d   Thumb Code   346  quat_math.o(i.Quat_ToAxisAngleDeg)
    Quat_ToEulerZYXDeg                       0x08004aa9   Thumb Code   340  quat_math.o(i.Quat_ToEulerZYXDeg)
    Quat_WrapTo180                           0x08004c01   Thumb Code    58  quat_math.o(i.Quat_WrapTo180)
    SVC_Handler                              0x08004c49   Thumb Code     2  stm32f4xx_it.o(i.SVC_Handler)
    SysTick_Handler                          0x08004c4b   Thumb Code     8  stm32f4xx_it.o(i.SysTick_Handler)
    SystemClock_Config                       0x08004c55   Thumb Code   170  main.o(i.SystemClock_Config)
    SystemInit                               0x08004d09   Thumb Code    14  system_stm32f4xx.o(i.SystemInit)
    UART_Start_Receive_DMA                   0x08005231   Thumb Code   202  stm32f4xx_hal_uart.o(i.UART_Start_Receive_DMA)
    USART1_IRQHandler                        0x080053f5   Thumb Code    10  stm32f4xx_it.o(i.USART1_IRQHandler)
    USART2_IRQHandler                        0x08005405   Thumb Code    10  stm32f4xx_it.o(i.USART2_IRQHandler)
    USART3_IRQHandler                        0x08005415   Thumb Code    10  stm32f4xx_it.o(i.USART3_IRQHandler)
    UsageFault_Handler                       0x08005425   Thumb Code     4  stm32f4xx_it.o(i.UsageFault_Handler)
    Vec3f_Create                             0x08005429   Thumb Code    40  quat_math.o(i.Vec3f_Create)
    Vec3f_Cross                              0x08005451   Thumb Code   106  quat_math.o(i.Vec3f_Cross)
    Vec3f_Norm                               0x080054bb   Thumb Code    48  quat_math.o(i.Vec3f_Norm)
    Vec3f_Normalize                          0x080054ed   Thumb Code   172  quat_math.o(i.Vec3f_Normalize)
    WIT_Init                                 0x080055bd   Thumb Code    52  wit_protocol.o(i.WIT_Init)
    WIT_ParseBufferWithCallback              0x080055f5   Thumb Code    66  wit_protocol.o(i.WIT_ParseBufferWithCallback)
    WIT_ParseByteEx                          0x08005637   Thumb Code    68  wit_protocol.o(i.WIT_ParseByteEx)
    __ARM_fpclassify                         0x080058bf   Thumb Code    48  fpclassify.o(i.__ARM_fpclassify)
    __ARM_fpclassifyf                        0x080058ef   Thumb Code    38  fpclassifyf.o(i.__ARM_fpclassifyf)
    __hardfp_asinf                           0x0800594d   Thumb Code   258  asinf.o(i.__hardfp_asinf)
    __hardfp_atan2f                          0x08005a79   Thumb Code   502  atan2f.o(i.__hardfp_atan2f)
    __hardfp_cosf                            0x08005cc9   Thumb Code   280  cosf.o(i.__hardfp_cosf)
    __hardfp_sinf                            0x08005e19   Thumb Code   344  sinf.o(i.__hardfp_sinf)
    __hardfp_sqrtf                           0x08005fa9   Thumb Code    58  sqrtf.o(i.__hardfp_sqrtf)
    __mathlib_flt_infnan                     0x08005fe3   Thumb Code     6  funder.o(i.__mathlib_flt_infnan)
    __mathlib_flt_infnan2                    0x08005fe9   Thumb Code     6  funder.o(i.__mathlib_flt_infnan2)
    __mathlib_flt_invalid                    0x08005ff1   Thumb Code    10  funder.o(i.__mathlib_flt_invalid)
    __mathlib_flt_underflow                  0x08006001   Thumb Code    10  funder.o(i.__mathlib_flt_underflow)
    __mathlib_rredf2                         0x08006011   Thumb Code   316  rredf.o(i.__mathlib_rredf2)
    _is_digit                                0x08006165   Thumb Code    14  __printf_wp.o(i._is_digit)
    main                                     0x08006173   Thumb Code    40  main.o(i.main)
    sqrtf                                    0x0800619b   Thumb Code    62  sqrtf.o(i.sqrtf)
    _get_lc_numeric                          0x080061d9   Thumb Code    44  lc_numeric_c.o(locale$$code)
    __fpl_dretinf                            0x08006205   Thumb Code    12  dretinf.o(x$fpl$dretinf)
    __aeabi_f2d                              0x08006211   Thumb Code     0  f2d.o(x$fpl$f2d)
    _f2d                                     0x08006211   Thumb Code    86  f2d.o(x$fpl$f2d)
    __fpl_fnaninf                            0x08006267   Thumb Code   140  fnaninf.o(x$fpl$fnaninf)
    _fp_init                                 0x080062f3   Thumb Code    10  fpinit.o(x$fpl$fpinit)
    __fplib_config_fpu_vfp                   0x080062fb   Thumb Code     0  fpinit.o(x$fpl$fpinit)
    __fplib_config_pureend_doubles           0x080062fb   Thumb Code     0  fpinit.o(x$fpl$fpinit)
    _printf_fp_dec                           0x080062fd   Thumb Code     4  printf1.o(x$fpl$printf1)
    __I$use$fp                               0x08006300   Number         0  usenofp.o(x$fpl$usenofp)
    AHBPrescTable                            0x08006308   Data          16  system_stm32f4xx.o(.constdata)
    APBPrescTable                            0x08006318   Data           8  system_stm32f4xx.o(.constdata)
    Region$$Table$$Base                      0x0800647c   Number         0  anon$$obj.o(Region$$Table)
    Region$$Table$$Limit                     0x0800649c   Number         0  anon$$obj.o(Region$$Table)
    uwTick                                   0x2000004c   Data           4  stm32f4xx_hal.o(.data)
    uwTickPrio                               0x20000050   Data           4  stm32f4xx_hal.o(.data)
    uwTickFreq                               0x20000054   Data           1  stm32f4xx_hal.o(.data)
    SystemCoreClock                          0x20000058   Data           4  system_stm32f4xx.o(.data)
    huart1                                   0x2000005c   Data          72  usart.o(.bss)
    huart2                                   0x200000a4   Data          72  usart.o(.bss)
    huart3                                   0x200000ec   Data          72  usart.o(.bss)
    hdma_usart1_rx                           0x20000134   Data          96  usart.o(.bss)
    hdma_usart2_rx                           0x20000194   Data          96  usart.o(.bss)
    hdma_usart3_rx                           0x200001f4   Data          96  usart.o(.bss)
    __libspace_start                         0x2000127c   Data          96  libspace.o(.bss)
    __temporary_stack_top$libspace           0x200012dc   Data           0  libspace.o(.bss)



==============================================================================

Memory Map of the image

  Image Entry point : 0x08000189

  Load Region LR_IROM1 (Base: 0x08000000, Size: 0x00006514, Max: 0x00100000, ABSOLUTE)

    Execution Region ER_IROM1 (Exec base: 0x08000000, Load base: 0x08000000, Size: 0x000064b8, Max: 0x00100000, ABSOLUTE)

    Exec Addr    Load Addr    Size         Type   Attr      Idx    E Section Name        Object

    0x08000000   0x08000000   0x00000188   Data   RO            3    RESET               startup_stm32f407xx.o
    0x08000188   0x08000188   0x00000008   Code   RO         2602  * !!!main             c_w.l(__main.o)
    0x08000190   0x08000190   0x00000034   Code   RO         2920    !!!scatter          c_w.l(__scatter.o)
    0x080001c4   0x080001c4   0x0000001a   Code   RO         2922    !!handler_copy      c_w.l(__scatter_copy.o)
    0x080001de   0x080001de   0x00000002   PAD
    0x080001e0   0x080001e0   0x0000001c   Code   RO         2924    !!handler_zi        c_w.l(__scatter_zi.o)
    0x080001fc   0x080001fc   0x00000000   Code   RO         2593    .ARM.Collect$$_printf_percent$$00000000  c_w.l(_printf_percent.o)
    0x080001fc   0x080001fc   0x00000006   Code   RO         2592    .ARM.Collect$$_printf_percent$$00000003  c_w.l(_printf_f.o)
    0x08000202   0x08000202   0x00000006   Code   RO         2591    .ARM.Collect$$_printf_percent$$0000000A  c_w.l(_printf_u.o)
    0x08000208   0x08000208   0x00000004   Code   RO         2685    .ARM.Collect$$_printf_percent$$00000017  c_w.l(_printf_percent_end.o)
    0x0800020c   0x0800020c   0x00000002   Code   RO         2793    .ARM.Collect$$libinit$$00000000  c_w.l(libinit.o)
    0x0800020e   0x0800020e   0x00000004   Code   RO         2794    .ARM.Collect$$libinit$$00000001  c_w.l(libinit2.o)
    0x08000212   0x08000212   0x00000000   Code   RO         2797    .ARM.Collect$$libinit$$00000004  c_w.l(libinit2.o)
    0x08000212   0x08000212   0x00000000   Code   RO         2800    .ARM.Collect$$libinit$$0000000A  c_w.l(libinit2.o)
    0x08000212   0x08000212   0x00000000   Code   RO         2802    .ARM.Collect$$libinit$$0000000C  c_w.l(libinit2.o)
    0x08000212   0x08000212   0x00000000   Code   RO         2804    .ARM.Collect$$libinit$$0000000E  c_w.l(libinit2.o)
    0x08000212   0x08000212   0x00000006   Code   RO         2805    .ARM.Collect$$libinit$$0000000F  c_w.l(libinit2.o)
    0x08000218   0x08000218   0x00000000   Code   RO         2807    .ARM.Collect$$libinit$$00000011  c_w.l(libinit2.o)
    0x08000218   0x08000218   0x00000000   Code   RO         2809    .ARM.Collect$$libinit$$00000013  c_w.l(libinit2.o)
    0x08000218   0x08000218   0x00000000   Code   RO         2811    .ARM.Collect$$libinit$$00000015  c_w.l(libinit2.o)
    0x08000218   0x08000218   0x0000000a   Code   RO         2812    .ARM.Collect$$libinit$$00000016  c_w.l(libinit2.o)
    0x08000222   0x08000222   0x00000000   Code   RO         2813    .ARM.Collect$$libinit$$00000017  c_w.l(libinit2.o)
    0x08000222   0x08000222   0x00000000   Code   RO         2815    .ARM.Collect$$libinit$$00000019  c_w.l(libinit2.o)
    0x08000222   0x08000222   0x00000000   Code   RO         2817    .ARM.Collect$$libinit$$0000001B  c_w.l(libinit2.o)
    0x08000222   0x08000222   0x00000000   Code   RO         2819    .ARM.Collect$$libinit$$0000001D  c_w.l(libinit2.o)
    0x08000222   0x08000222   0x00000000   Code   RO         2821    .ARM.Collect$$libinit$$0000001F  c_w.l(libinit2.o)
    0x08000222   0x08000222   0x00000000   Code   RO         2823    .ARM.Collect$$libinit$$00000021  c_w.l(libinit2.o)
    0x08000222   0x08000222   0x00000000   Code   RO         2825    .ARM.Collect$$libinit$$00000023  c_w.l(libinit2.o)
    0x08000222   0x08000222   0x00000000   Code   RO         2827    .ARM.Collect$$libinit$$00000025  c_w.l(libinit2.o)
    0x08000222   0x08000222   0x00000000   Code   RO         2831    .ARM.Collect$$libinit$$0000002C  c_w.l(libinit2.o)
    0x08000222   0x08000222   0x00000000   Code   RO         2833    .ARM.Collect$$libinit$$0000002E  c_w.l(libinit2.o)
    0x08000222   0x08000222   0x00000000   Code   RO         2835    .ARM.Collect$$libinit$$00000030  c_w.l(libinit2.o)
    0x08000222   0x08000222   0x00000000   Code   RO         2837    .ARM.Collect$$libinit$$00000032  c_w.l(libinit2.o)
    0x08000222   0x08000222   0x00000002   Code   RO         2838    .ARM.Collect$$libinit$$00000033  c_w.l(libinit2.o)
    0x08000224   0x08000224   0x00000002   Code   RO         2885    .ARM.Collect$$libshutdown$$00000000  c_w.l(libshutdown.o)
    0x08000226   0x08000226   0x00000000   Code   RO         2903    .ARM.Collect$$libshutdown$$00000002  c_w.l(libshutdown2.o)
    0x08000226   0x08000226   0x00000000   Code   RO         2905    .ARM.Collect$$libshutdown$$00000004  c_w.l(libshutdown2.o)
    0x08000226   0x08000226   0x00000000   Code   RO         2908    .ARM.Collect$$libshutdown$$00000007  c_w.l(libshutdown2.o)
    0x08000226   0x08000226   0x00000000   Code   RO         2911    .ARM.Collect$$libshutdown$$0000000A  c_w.l(libshutdown2.o)
    0x08000226   0x08000226   0x00000000   Code   RO         2913    .ARM.Collect$$libshutdown$$0000000C  c_w.l(libshutdown2.o)
    0x08000226   0x08000226   0x00000000   Code   RO         2916    .ARM.Collect$$libshutdown$$0000000F  c_w.l(libshutdown2.o)
    0x08000226   0x08000226   0x00000002   Code   RO         2917    .ARM.Collect$$libshutdown$$00000010  c_w.l(libshutdown2.o)
    0x08000228   0x08000228   0x00000000   Code   RO         2668    .ARM.Collect$$rtentry$$00000000  c_w.l(__rtentry.o)
    0x08000228   0x08000228   0x00000000   Code   RO         2711    .ARM.Collect$$rtentry$$00000002  c_w.l(__rtentry2.o)
    0x08000228   0x08000228   0x00000006   Code   RO         2723    .ARM.Collect$$rtentry$$00000004  c_w.l(__rtentry4.o)
    0x0800022e   0x0800022e   0x00000000   Code   RO         2713    .ARM.Collect$$rtentry$$00000009  c_w.l(__rtentry2.o)
    0x0800022e   0x0800022e   0x00000004   Code   RO         2714    .ARM.Collect$$rtentry$$0000000A  c_w.l(__rtentry2.o)
    0x08000232   0x08000232   0x00000000   Code   RO         2716    .ARM.Collect$$rtentry$$0000000C  c_w.l(__rtentry2.o)
    0x08000232   0x08000232   0x00000008   Code   RO         2717    .ARM.Collect$$rtentry$$0000000D  c_w.l(__rtentry2.o)
    0x0800023a   0x0800023a   0x00000002   Code   RO         2839    .ARM.Collect$$rtexit$$00000000  c_w.l(rtexit.o)
    0x0800023c   0x0800023c   0x00000000   Code   RO         2854    .ARM.Collect$$rtexit$$00000002  c_w.l(rtexit2.o)
    0x0800023c   0x0800023c   0x00000004   Code   RO         2855    .ARM.Collect$$rtexit$$00000003  c_w.l(rtexit2.o)
    0x08000240   0x08000240   0x00000006   Code   RO         2856    .ARM.Collect$$rtexit$$00000004  c_w.l(rtexit2.o)
    0x08000246   0x08000246   0x00000002   PAD
    0x08000248   0x08000248   0x00000040   Code   RO            4    .text               startup_stm32f407xx.o
    0x08000288   0x08000288   0x000000ee   Code   RO         2561    .text               c_w.l(lludivv7m.o)
    0x08000376   0x08000376   0x00000002   PAD
    0x08000378   0x08000378   0x00000034   Code   RO         2565    .text               c_w.l(noretval__2snprintf.o)
    0x080003ac   0x080003ac   0x00000078   Code   RO         2569    .text               c_w.l(_printf_dec.o)
    0x08000424   0x08000424   0x00000160   Code   RO         2586    .text               c_w.l(__printf_ss_wp.o)
    0x08000584   0x08000584   0x0000003e   Code   RO         2594    .text               c_w.l(strlen.o)
    0x080005c2   0x080005c2   0x00000064   Code   RO         2596    .text               c_w.l(rt_memcpy_w.o)
    0x08000626   0x08000626   0x0000004e   Code   RO         2598    .text               c_w.l(rt_memclr_w.o)
    0x08000674   0x08000674   0x00000006   Code   RO         2600    .text               c_w.l(heapauxi.o)
    0x0800067a   0x0800067a   0x00000016   Code   RO         2673    .text               c_w.l(_rserrno.o)
    0x08000690   0x08000690   0x000000b2   Code   RO         2675    .text               c_w.l(_printf_intcommon.o)
    0x08000742   0x08000742   0x0000041e   Code   RO         2677    .text               c_w.l(_printf_fp_dec.o)
    0x08000b60   0x08000b60   0x00000030   Code   RO         2679    .text               c_w.l(_printf_char_common.o)
    0x08000b90   0x08000b90   0x0000000a   Code   RO         2681    .text               c_w.l(_sputc.o)
    0x08000b9a   0x08000b9a   0x00000010   Code   RO         2683    .text               c_w.l(_snputc.o)
    0x08000baa   0x08000baa   0x00000002   PAD
    0x08000bac   0x08000bac   0x00000008   Code   RO         2730    .text               c_w.l(rt_locale_intlibspace.o)
    0x08000bb4   0x08000bb4   0x00000008   Code   RO         2735    .text               c_w.l(rt_errno_addr_intlibspace.o)
    0x08000bbc   0x08000bbc   0x0000008a   Code   RO         2737    .text               c_w.l(lludiv10.o)
    0x08000c46   0x08000c46   0x00000002   PAD
    0x08000c48   0x08000c48   0x00000080   Code   RO         2739    .text               c_w.l(_printf_fp_infnan.o)
    0x08000cc8   0x08000cc8   0x000000e4   Code   RO         2743    .text               c_w.l(bigflt0.o)
    0x08000dac   0x08000dac   0x00000008   Code   RO         2775    .text               c_w.l(libspace.o)
    0x08000db4   0x08000db4   0x0000004a   Code   RO         2778    .text               c_w.l(sys_stackheap_outer.o)
    0x08000dfe   0x08000dfe   0x00000012   Code   RO         2780    .text               c_w.l(exit.o)
    0x08000e10   0x08000e10   0x00000080   Code   RO         2786    .text               c_w.l(strcmpv7m.o)
    0x08000e90   0x08000e90   0x0000000c   Code   RO         2851    .text               c_w.l(sys_exit.o)
    0x08000e9c   0x08000e9c   0x00000002   Code   RO         2872    .text               c_w.l(use_no_semi.o)
    0x08000e9e   0x08000e9e   0x00000000   Code   RO         2874    .text               c_w.l(indicate_semi.o)
    0x08000e9e   0x08000e9e   0x0000003e   Code   RO         2746    CL$$btod_d2e        c_w.l(btod.o)
    0x08000edc   0x08000edc   0x00000046   Code   RO         2748    CL$$btod_d2e_denorm_low  c_w.l(btod.o)
    0x08000f22   0x08000f22   0x00000060   Code   RO         2747    CL$$btod_d2e_norm_op1  c_w.l(btod.o)
    0x08000f82   0x08000f82   0x00000338   Code   RO         2756    CL$$btod_div_common  c_w.l(btod.o)
    0x080012ba   0x080012ba   0x000000dc   Code   RO         2753    CL$$btod_e2e        c_w.l(btod.o)
    0x08001396   0x08001396   0x0000002a   Code   RO         2750    CL$$btod_ediv       c_w.l(btod.o)
    0x080013c0   0x080013c0   0x0000002a   Code   RO         2749    CL$$btod_emul       c_w.l(btod.o)
    0x080013ea   0x080013ea   0x00000244   Code   RO         2755    CL$$btod_mult_common  c_w.l(btod.o)
    0x0800162e   0x0800162e   0x00000004   Code   RO          357    i.BusFault_Handler  stm32f4xx_it.o
    0x08001632   0x08001632   0x00000002   PAD
    0x08001634   0x08001634   0x00000010   Code   RO          358    i.DMA1_Stream1_IRQHandler  stm32f4xx_it.o
    0x08001644   0x08001644   0x00000010   Code   RO          359    i.DMA1_Stream5_IRQHandler  stm32f4xx_it.o
    0x08001654   0x08001654   0x00000010   Code   RO          360    i.DMA2_Stream2_IRQHandler  stm32f4xx_it.o
    0x08001664   0x08001664   0x00000034   Code   RO         1829    i.DMA_CalcBaseAndBitshift  stm32f4xx_hal_dma.o
    0x08001698   0x08001698   0x000000aa   Code   RO         1830    i.DMA_CheckFifoParam  stm32f4xx_hal_dma.o
    0x08001742   0x08001742   0x0000002c   Code   RO         1831    i.DMA_SetConfig     stm32f4xx_hal_dma.o
    0x0800176e   0x0800176e   0x00000002   Code   RO          361    i.DebugMon_Handler  stm32f4xx_it.o
    0x08001770   0x08001770   0x00000098   Code   RO          490    i.DualIMU_ComputeRelativeQuat  dual_imu.o
    0x08001808   0x08001808   0x00000054   Code   RO          493    i.DualIMU_GetRelativeAxisAngle  dual_imu.o
    0x0800185c   0x0800185c   0x0000003c   Code   RO          494    i.DualIMU_GetRelativeEuler  dual_imu.o
    0x08001898   0x08001898   0x0000004c   Code   RO          496    i.DualIMU_GyroDegToRad  dual_imu.o
    0x080018e4   0x080018e4   0x00000104   Code   RO          497    i.DualIMU_Init      dual_imu.o
    0x080019e8   0x080019e8   0x00000046   Code   RO          499    i.DualIMU_SetZero   dual_imu.o
    0x08001a2e   0x08001a2e   0x000000a2   Code   RO          500    i.DualIMU_UpdateOne  dual_imu.o
    0x08001ad0   0x08001ad0   0x0000027c   Code   RO          501    i.DualIMU_UpdateRelative  dual_imu.o
    0x08001d4c   0x08001d4c   0x00000006   Code   RO           13    i.Error_Handler     main.o
    0x08001d52   0x08001d52   0x000000ac   Code   RO         1832    i.HAL_DMA_Abort     stm32f4xx_hal_dma.o
    0x08001dfe   0x08001dfe   0x00000028   Code   RO         1833    i.HAL_DMA_Abort_IT  stm32f4xx_hal_dma.o
    0x08001e26   0x08001e26   0x00000002   PAD
    0x08001e28   0x08001e28   0x00000240   Code   RO         1837    i.HAL_DMA_IRQHandler  stm32f4xx_hal_dma.o
    0x08002068   0x08002068   0x000000ec   Code   RO         1838    i.HAL_DMA_Init      stm32f4xx_hal_dma.o
    0x08002154   0x08002154   0x00000092   Code   RO         1842    i.HAL_DMA_Start_IT  stm32f4xx_hal_dma.o
    0x080021e6   0x080021e6   0x00000002   PAD
    0x080021e8   0x080021e8   0x000001f4   Code   RO         1725    i.HAL_GPIO_Init     stm32f4xx_hal_gpio.o
    0x080023dc   0x080023dc   0x0000000c   Code   RO         2280    i.HAL_GetTick       stm32f4xx_hal.o
    0x080023e8   0x080023e8   0x00000018   Code   RO         2286    i.HAL_IncTick       stm32f4xx_hal.o
    0x08002400   0x08002400   0x0000003c   Code   RO         2287    i.HAL_Init          stm32f4xx_hal.o
    0x0800243c   0x0800243c   0x0000004c   Code   RO         2288    i.HAL_InitTick      stm32f4xx_hal.o
    0x08002488   0x08002488   0x00000048   Code   RO          469    i.HAL_MspInit       stm32f4xx_hal_msp.o
    0x080024d0   0x080024d0   0x00000028   Code   RO         2117    i.HAL_NVIC_EnableIRQ  stm32f4xx_hal_cortex.o
    0x080024f8   0x080024f8   0x0000007c   Code   RO         2123    i.HAL_NVIC_SetPriority  stm32f4xx_hal_cortex.o
    0x08002574   0x08002574   0x00000028   Code   RO         2124    i.HAL_NVIC_SetPriorityGrouping  stm32f4xx_hal_cortex.o
    0x0800259c   0x0800259c   0x00000184   Code   RO         1326    i.HAL_RCC_ClockConfig  stm32f4xx_hal_rcc.o
    0x08002720   0x08002720   0x0000000c   Code   RO         1331    i.HAL_RCC_GetHCLKFreq  stm32f4xx_hal_rcc.o
    0x0800272c   0x0800272c   0x00000020   Code   RO         1333    i.HAL_RCC_GetPCLK1Freq  stm32f4xx_hal_rcc.o
    0x0800274c   0x0800274c   0x00000020   Code   RO         1334    i.HAL_RCC_GetPCLK2Freq  stm32f4xx_hal_rcc.o
    0x0800276c   0x0800276c   0x000000b0   Code   RO         1335    i.HAL_RCC_GetSysClockFreq  stm32f4xx_hal_rcc.o
    0x0800281c   0x0800281c   0x0000049c   Code   RO         1338    i.HAL_RCC_OscConfig  stm32f4xx_hal_rcc.o
    0x08002cb8   0x08002cb8   0x00000034   Code   RO         2128    i.HAL_SYSTICK_Config  stm32f4xx_hal_cortex.o
    0x08002cec   0x08002cec   0x00000070   Code   RO          962    i.HAL_UARTEx_ReceiveToIdle_DMA  stm32f4xx_hal_uart.o
    0x08002d5c   0x08002d5c   0x00000178   Code   RO          578    i.HAL_UARTEx_RxEventCallback  imu_uart.o
    0x08002ed4   0x08002ed4   0x0000002c   Code   RO          579    i.HAL_UART_ErrorCallback  imu_uart.o
    0x08002f00   0x08002f00   0x00000308   Code   RO          981    i.HAL_UART_IRQHandler  stm32f4xx_hal_uart.o
    0x08003208   0x08003208   0x00000076   Code   RO          982    i.HAL_UART_Init     stm32f4xx_hal_uart.o
    0x0800327e   0x0800327e   0x00000002   PAD
    0x08003280   0x08003280   0x00000268   Code   RO          304    i.HAL_UART_MspInit  usart.o
    0x080034e8   0x080034e8   0x00000002   Code   RO          988    i.HAL_UART_RxCpltCallback  stm32f4xx_hal_uart.o
    0x080034ea   0x080034ea   0x00000002   Code   RO          989    i.HAL_UART_RxHalfCpltCallback  stm32f4xx_hal_uart.o
    0x080034ec   0x080034ec   0x000000be   Code   RO          990    i.HAL_UART_Transmit  stm32f4xx_hal_uart.o
    0x080035aa   0x080035aa   0x00000002   Code   RO          993    i.HAL_UART_TxCpltCallback  stm32f4xx_hal_uart.o
    0x080035ac   0x080035ac   0x00000004   Code   RO          362    i.HardFault_Handler  stm32f4xx_it.o
    0x080035b0   0x080035b0   0x0000001e   Code   RO          580    i.IMU_SampleQueue_Init  imu_uart.o
    0x080035ce   0x080035ce   0x00000062   Code   RO          581    i.IMU_SampleQueue_Pop  imu_uart.o
    0x08003630   0x08003630   0x00000066   Code   RO          582    i.IMU_SampleQueue_Push  imu_uart.o
    0x08003696   0x08003696   0x00000002   PAD
    0x08003698   0x08003698   0x000001f0   Code   RO          586    i.IMU_UART_Init     imu_uart.o
    0x08003888   0x08003888   0x000001cc   Code   RO          587    i.IMU_UART_OutputToPC  imu_uart.o
    0x08003a54   0x08003a54   0x00000020   Code   RO          588    i.IMU_UART_Print    imu_uart.o
    0x08003a74   0x08003a74   0x00000024   Code   RO          589    i.IMU_UART_ProcessPCCommand  imu_uart.o
    0x08003a98   0x08003a98   0x000000a0   Code   RO          590    i.IMU_UART_RestartReceive  imu_uart.o
    0x08003b38   0x08003b38   0x00000020   Code   RO          591    i.IMU_UART_SetZero  imu_uart.o
    0x08003b58   0x08003b58   0x0000008c   Code   RO          592    i.IMU_UART_StartReceive  imu_uart.o
    0x08003be4   0x08003be4   0x00000010   Code   RO          593    i.IMU_UART_Task     imu_uart.o
    0x08003bf4   0x08003bf4   0x00000084   Code   RO          594    i.IMU_UART_UpdateAlgorithm  imu_uart.o
    0x08003c78   0x08003c78   0x00000138   Code   RO          595    i.IMU_UART_UpdateDtMonitor  imu_uart.o
    0x08003db0   0x08003db0   0x0000005c   Code   RO          596    i.IMU_UART_WitFrameCallbackArm  imu_uart.o
    0x08003e0c   0x08003e0c   0x0000005c   Code   RO          597    i.IMU_UART_WitFrameCallbackHand  imu_uart.o
    0x08003e68   0x08003e68   0x00000078   Code   RO          276    i.MX_DMA_Init       dma.o
    0x08003ee0   0x08003ee0   0x00000064   Code   RO          165    i.MX_GPIO_Init      gpio.o
    0x08003f44   0x08003f44   0x00000038   Code   RO          305    i.MX_USART1_UART_Init  usart.o
    0x08003f7c   0x08003f7c   0x00000038   Code   RO          306    i.MX_USART2_UART_Init  usart.o
    0x08003fb4   0x08003fb4   0x00000038   Code   RO          307    i.MX_USART3_UART_Init  usart.o
    0x08003fec   0x08003fec   0x0000002a   Code   RO          712    i.Mahony_Clamp      mahony.o
    0x08004016   0x08004016   0x00000002   PAD
    0x08004018   0x08004018   0x00000050   Code   RO          713    i.Mahony_DefaultParams  mahony.o
    0x08004068   0x08004068   0x00000074   Code   RO          714    i.Mahony_Init       mahony.o
    0x080040dc   0x080040dc   0x0000032c   Code   RO          716    i.Mahony_UpdateAdaptive  mahony.o
    0x08004408   0x08004408   0x00000004   Code   RO          363    i.MemManage_Handler  stm32f4xx_it.o
    0x0800440c   0x0800440c   0x00000004   Code   RO          364    i.NMI_Handler       stm32f4xx_it.o
    0x08004410   0x08004410   0x00000002   Code   RO          365    i.PendSV_Handler    stm32f4xx_it.o
    0x08004412   0x08004412   0x0000002a   Code   RO          754    i.Quat_Clamp        quat_math.o
    0x0800443c   0x0800443c   0x0000005c   Code   RO          755    i.Quat_Conj         quat_math.o
    0x08004498   0x08004498   0x00000034   Code   RO          756    i.Quat_Create       quat_math.o
    0x080044cc   0x080044cc   0x000000c0   Code   RO          757    i.Quat_GetWorldZInBody  quat_math.o
    0x0800458c   0x0800458c   0x0000003c   Code   RO          758    i.Quat_Identity     quat_math.o
    0x080045c8   0x080045c8   0x00000184   Code   RO          759    i.Quat_IntegrateGyro  quat_math.o
    0x0800474c   0x0800474c   0x000000ea   Code   RO          760    i.Quat_Mul          quat_math.o
    0x08004836   0x08004836   0x0000003c   Code   RO          761    i.Quat_Norm         quat_math.o
    0x08004872   0x08004872   0x00000002   PAD
    0x08004874   0x08004874   0x000000c8   Code   RO          762    i.Quat_Normalize    quat_math.o
    0x0800493c   0x0800493c   0x0000016c   Code   RO          763    i.Quat_ToAxisAngleDeg  quat_math.o
    0x08004aa8   0x08004aa8   0x00000158   Code   RO          764    i.Quat_ToEulerZYXDeg  quat_math.o
    0x08004c00   0x08004c00   0x00000048   Code   RO          765    i.Quat_WrapTo180    quat_math.o
    0x08004c48   0x08004c48   0x00000002   Code   RO          366    i.SVC_Handler       stm32f4xx_it.o
    0x08004c4a   0x08004c4a   0x00000008   Code   RO          367    i.SysTick_Handler   stm32f4xx_it.o
    0x08004c52   0x08004c52   0x00000002   PAD
    0x08004c54   0x08004c54   0x000000b4   Code   RO           14    i.SystemClock_Config  main.o
    0x08004d08   0x08004d08   0x00000014   Code   RO         2526    i.SystemInit        system_stm32f4xx.o
    0x08004d1c   0x08004d1c   0x00000012   Code   RO          995    i.UART_DMAAbortOnError  stm32f4xx_hal_uart.o
    0x08004d2e   0x08004d2e   0x00000050   Code   RO          996    i.UART_DMAError     stm32f4xx_hal_uart.o
    0x08004d7e   0x08004d7e   0x000000b4   Code   RO          997    i.UART_DMAReceiveCplt  stm32f4xx_hal_uart.o
    0x08004e32   0x08004e32   0x00000024   Code   RO          999    i.UART_DMARxHalfCplt  stm32f4xx_hal_uart.o
    0x08004e56   0x08004e56   0x0000006c   Code   RO         1005    i.UART_EndRxTransfer  stm32f4xx_hal_uart.o
    0x08004ec2   0x08004ec2   0x00000020   Code   RO         1006    i.UART_EndTransmit_IT  stm32f4xx_hal_uart.o
    0x08004ee2   0x08004ee2   0x00000026   Code   RO         1007    i.UART_EndTxTransfer  stm32f4xx_hal_uart.o
    0x08004f08   0x08004f08   0x000000fc   Code   RO         1008    i.UART_Receive_IT   stm32f4xx_hal_uart.o
    0x08005004   0x08005004   0x0000022c   Code   RO         1009    i.UART_SetConfig    stm32f4xx_hal_uart.o
    0x08005230   0x08005230   0x000000d8   Code   RO         1010    i.UART_Start_Receive_DMA  stm32f4xx_hal_uart.o
    0x08005308   0x08005308   0x00000060   Code   RO         1012    i.UART_Transmit_IT  stm32f4xx_hal_uart.o
    0x08005368   0x08005368   0x0000008c   Code   RO         1013    i.UART_WaitOnFlagUntilTimeout  stm32f4xx_hal_uart.o
    0x080053f4   0x080053f4   0x00000010   Code   RO          368    i.USART1_IRQHandler  stm32f4xx_it.o
    0x08005404   0x08005404   0x00000010   Code   RO          369    i.USART2_IRQHandler  stm32f4xx_it.o
    0x08005414   0x08005414   0x00000010   Code   RO          370    i.USART3_IRQHandler  stm32f4xx_it.o
    0x08005424   0x08005424   0x00000004   Code   RO          371    i.UsageFault_Handler  stm32f4xx_it.o
    0x08005428   0x08005428   0x00000028   Code   RO          766    i.Vec3f_Create      quat_math.o
    0x08005450   0x08005450   0x0000006a   Code   RO          767    i.Vec3f_Cross       quat_math.o
    0x080054ba   0x080054ba   0x00000030   Code   RO          769    i.Vec3f_Norm        quat_math.o
    0x080054ea   0x080054ea   0x00000002   PAD
    0x080054ec   0x080054ec   0x000000b4   Code   RO          770    i.Vec3f_Normalize   quat_math.o
    0x080055a0   0x080055a0   0x0000001a   Code   RO          865    i.WIT_CheckSum      wit_protocol.o
    0x080055ba   0x080055ba   0x00000002   PAD
    0x080055bc   0x080055bc   0x00000038   Code   RO          871    i.WIT_Init          wit_protocol.o
    0x080055f4   0x080055f4   0x00000042   Code   RO          873    i.WIT_ParseBufferWithCallback  wit_protocol.o
    0x08005636   0x08005636   0x00000044   Code   RO          875    i.WIT_ParseByteEx   wit_protocol.o
    0x0800567a   0x0800567a   0x00000002   PAD
    0x0800567c   0x0800567c   0x00000238   Code   RO          876    i.WIT_ParseFrame    wit_protocol.o
    0x080058b4   0x080058b4   0x0000000a   Code   RO          877    i.WIT_ToInt16       wit_protocol.o
    0x080058be   0x080058be   0x00000030   Code   RO         2773    i.__ARM_fpclassify  m_wm.l(fpclassify.o)
    0x080058ee   0x080058ee   0x00000026   Code   RO         2691    i.__ARM_fpclassifyf  m_wm.l(fpclassifyf.o)
    0x08005914   0x08005914   0x00000010   Code   RO         2130    i.__NVIC_GetPriorityGrouping  stm32f4xx_hal_cortex.o
    0x08005924   0x08005924   0x00000028   Code   RO         2131    i.__NVIC_SetPriority  stm32f4xx_hal_cortex.o
    0x0800594c   0x0800594c   0x0000012c   Code   RO         2608    i.__hardfp_asinf    m_wm.l(asinf.o)
    0x08005a78   0x08005a78   0x00000250   Code   RO         2620    i.__hardfp_atan2f   m_wm.l(atan2f.o)
    0x08005cc8   0x08005cc8   0x00000150   Code   RO         2632    i.__hardfp_cosf     m_wm.l(cosf.o)
    0x08005e18   0x08005e18   0x00000190   Code   RO         2644    i.__hardfp_sinf     m_wm.l(sinf.o)
    0x08005fa8   0x08005fa8   0x0000003a   Code   RO         2656    i.__hardfp_sqrtf    m_wm.l(sqrtf.o)
    0x08005fe2   0x08005fe2   0x00000006   Code   RO         2694    i.__mathlib_flt_infnan  m_wm.l(funder.o)
    0x08005fe8   0x08005fe8   0x00000006   Code   RO         2695    i.__mathlib_flt_infnan2  m_wm.l(funder.o)
    0x08005fee   0x08005fee   0x00000002   PAD
    0x08005ff0   0x08005ff0   0x00000010   Code   RO         2696    i.__mathlib_flt_invalid  m_wm.l(funder.o)
    0x08006000   0x08006000   0x00000010   Code   RO         2699    i.__mathlib_flt_underflow  m_wm.l(funder.o)
    0x08006010   0x08006010   0x00000154   Code   RO         2707    i.__mathlib_rredf2  m_wm.l(rredf.o)
    0x08006164   0x08006164   0x0000000e   Code   RO         2581    i._is_digit         c_w.l(__printf_wp.o)
    0x08006172   0x08006172   0x00000028   Code   RO           15    i.main              main.o
    0x0800619a   0x0800619a   0x0000003e   Code   RO         2658    i.sqrtf             m_wm.l(sqrtf.o)
    0x080061d8   0x080061d8   0x0000002c   Code   RO         2769    locale$$code        c_w.l(lc_numeric_c.o)
    0x08006204   0x08006204   0x0000000c   Code   RO         2686    x$fpl$dretinf       fz_wm.l(dretinf.o)
    0x08006210   0x08006210   0x00000056   Code   RO         2604    x$fpl$f2d           fz_wm.l(f2d.o)
    0x08006266   0x08006266   0x0000008c   Code   RO         2688    x$fpl$fnaninf       fz_wm.l(fnaninf.o)
    0x080062f2   0x080062f2   0x0000000a   Code   RO         2849    x$fpl$fpinit        fz_wm.l(fpinit.o)
    0x080062fc   0x080062fc   0x00000004   Code   RO         2606    x$fpl$printf1       fz_wm.l(printf1.o)
    0x08006300   0x08006300   0x00000000   Code   RO         2690    x$fpl$usenofp       fz_wm.l(usenofp.o)
    0x08006300   0x08006300   0x00000008   Data   RO         1844    .constdata          stm32f4xx_hal_dma.o
    0x08006308   0x08006308   0x00000018   Data   RO         2527    .constdata          system_stm32f4xx.o
    0x08006320   0x08006320   0x00000020   Data   RO         2708    .constdata          m_wm.l(rredf.o)
    0x08006340   0x08006340   0x00000094   Data   RO         2744    .constdata          c_w.l(bigflt0.o)
    0x080063d4   0x080063d4   0x000000a6   Data   RO          599    .conststring        imu_uart.o
    0x0800647a   0x0800647a   0x00000002   PAD
    0x0800647c   0x0800647c   0x00000020   Data   RO         2918    Region$$Table       anon$$obj.o
    0x0800649c   0x0800649c   0x0000001c   Data   RO         2768    locale$$data        c_w.l(lc_numeric_c.o)


    Execution Region RW_IRAM1 (Exec base: 0x20000000, Load base: 0x080064b8, Size: 0x000018e0, Max: 0x0001c000, ABSOLUTE)

    Exec Addr    Load Addr    Size         Type   Attr      Idx    E Section Name        Object

    0x20000000   0x080064b8   0x0000004c   Data   RW          600    .data               imu_uart.o
    0x2000004c   0x08006504   0x00000009   Data   RW         2294    .data               stm32f4xx_hal.o
    0x20000055   0x0800650d   0x00000003   PAD
    0x20000058   0x08006510   0x00000004   Data   RW         2528    .data               system_stm32f4xx.o
    0x2000005c        -       0x000001f8   Zero   RW          308    .bss                usart.o
    0x20000254        -       0x00001028   Zero   RW          598    .bss                imu_uart.o
    0x2000127c        -       0x00000060   Zero   RW         2776    .bss                c_w.l(libspace.o)
    0x200012dc   0x08006514   0x00000004   PAD
    0x200012e0        -       0x00000200   Zero   RW            2    HEAP                startup_stm32f407xx.o
    0x200014e0        -       0x00000400   Zero   RW            1    STACK               startup_stm32f407xx.o


    Execution Region RW_IRAM2 (Exec base: 0x2001c000, Load base: 0x08006514, Size: 0x00000000, Max: 0x00004000, ABSOLUTE)

    **** No section assigned to this execution region ****


==============================================================================

Image component sizes


      Code (inc. data)   RO Data    RW Data    ZI Data      Debug   Object Name

       120          6          0          0          0        786   dma.o
      1500         22          0          0          0       7096   dual_imu.o
       100          4          0          0          0     653763   gpio.o
      2650        658        166         76       4136      12641   imu_uart.o
      1050         28          0          0          0       3525   mahony.o
       226         10          0          0          0     655620   main.o
      2474         56          0          0          0      11126   quat_math.o
        64         26        392          0       1536        828   startup_stm32f407xx.o
       172         32          0          9          0       8641   stm32f4xx_hal.o
       312         22          0          0          0      34219   stm32f4xx_hal_cortex.o
      1436         16          8          0          0       6882   stm32f4xx_hal_dma.o
       500         46          0          0          0       1420   stm32f4xx_hal_gpio.o
        72          4          0          0          0        826   stm32f4xx_hal_msp.o
      1820         84          0          0          0       5520   stm32f4xx_hal_rcc.o
      2954         28          0          0          0      15412   stm32f4xx_hal_uart.o
       130         36          0          0          0       6980   stm32f4xx_it.o
        20          6         24          4          0       1079   system_stm32f4xx.o
       784         76          0          0        504       3213   usart.o
       794         22          0          0          0       4483   wit_protocol.o

    ----------------------------------------------------------------------
     17200       1182        624         92       6176    1434060   Object Totals
         0          0         32          0          0          0   (incl. Generated)
        22          0          2          3          0          0   (incl. Padding)

    ----------------------------------------------------------------------

      Code (inc. data)   RO Data    RW Data    ZI Data      Debug   Library Member Name

         8          0          0          0          0         68   __main.o
       352          0          0          0          0         88   __printf_ss_wp.o
        14          0          0          0          0         68   __printf_wp.o
         0          0          0          0          0          0   __rtentry.o
        12          0          0          0          0          0   __rtentry2.o
         6          0          0          0          0          0   __rtentry4.o
        52          8          0          0          0          0   __scatter.o
        26          0          0          0          0          0   __scatter_copy.o
        28          0          0          0          0          0   __scatter_zi.o
        48          6          0          0          0         96   _printf_char_common.o
       120         16          0          0          0         92   _printf_dec.o
         6          0          0          0          0          0   _printf_f.o
      1054          0          0          0          0        216   _printf_fp_dec.o
       128         16          0          0          0         84   _printf_fp_infnan.o
       178          0          0          0          0         88   _printf_intcommon.o
         0          0          0          0          0          0   _printf_percent.o
         4          0          0          0          0          0   _printf_percent_end.o
         6          0          0          0          0          0   _printf_u.o
        22          0          0          0          0        100   _rserrno.o
        16          0          0          0          0         68   _snputc.o
        10          0          0          0          0         68   _sputc.o
       228          4        148          0          0         96   bigflt0.o
      1936        128          0          0          0        672   btod.o
        18          0          0          0          0         80   exit.o
         6          0          0          0          0        152   heapauxi.o
         0          0          0          0          0          0   indicate_semi.o
        44         10         28          0          0         76   lc_numeric_c.o
         2          0          0          0          0          0   libinit.o
        22          0          0          0          0          0   libinit2.o
         2          0          0          0          0          0   libshutdown.o
         2          0          0          0          0          0   libshutdown2.o
         8          4          0          0         96         68   libspace.o
       138          0          0          0          0         80   lludiv10.o
       238          0          0          0          0        100   lludivv7m.o
        52          4          0          0          0         84   noretval__2snprintf.o
         8          4          0          0          0         68   rt_errno_addr_intlibspace.o
         8          4          0          0          0         68   rt_locale_intlibspace.o
        78          0          0          0          0         80   rt_memclr_w.o
       100          0          0          0          0         80   rt_memcpy_w.o
         2          0          0          0          0          0   rtexit.o
        10          0          0          0          0          0   rtexit2.o
       128          0          0          0          0         68   strcmpv7m.o
        62          0          0          0          0         76   strlen.o
        12          4          0          0          0         68   sys_exit.o
        74          0          0          0          0         80   sys_stackheap_outer.o
         2          0          0          0          0         68   use_no_semi.o
        12          0          0          0          0        116   dretinf.o
        86          4          0          0          0        132   f2d.o
       140          4          0          0          0        132   fnaninf.o
        10          0          0          0          0        116   fpinit.o
         4          0          0          0          0        116   printf1.o
         0          0          0          0          0          0   usenofp.o
       300         42          0          0          0        176   asinf.o
       592         90          0          0          0        184   atan2f.o
       336         56          0          0          0        136   cosf.o
        48          0          0          0          0        124   fpclassify.o
        38          0          0          0          0        116   fpclassifyf.o
        44         12          0          0          0        464   funder.o
       340         24         32          0          0        160   rredf.o
       400         56          0          0          0        212   sinf.o
       120          0          0          0          0        272   sqrtf.o

    ----------------------------------------------------------------------
      7752        496        208          0        100       5556   Library Totals
        12          0          0          0          4          0   (incl. Padding)

    ----------------------------------------------------------------------

      Code (inc. data)   RO Data    RW Data    ZI Data      Debug   Library Name

      5270        208        176          0         96       3100   c_w.l
       252          8          0          0          0        612   fz_wm.l
      2218        280         32          0          0       1844   m_wm.l

    ----------------------------------------------------------------------
      7752        496        208          0        100       5556   Library Totals

    ----------------------------------------------------------------------

==============================================================================


      Code (inc. data)   RO Data    RW Data    ZI Data      Debug   

     24952       1678        832         92       6276    1425400   Grand Totals
     24952       1678        832         92       6276    1425400   ELF Image Totals
     24952       1678        832         92          0          0   ROM Totals

==============================================================================

    Total RO  Size (Code + RO Data)                25784 (  25.18kB)
    Total RW  Size (RW Data + ZI Data)              6368 (   6.22kB)
    Total ROM Size (Code + RO Data + RW Data)      25876 (  25.27kB)

==============================================================================

